Archive member included to satisfy reference by file (symbol)

c:/siliconlabs/simplicitystudio/v4/developer/toolchains/gnu_arm/7.2_2017q4/bin/../lib/gcc/arm-none-eabi/7.2.1/thumb/v7-m\libgcc.a(_arm_addsubdf3.o)
                              ./src/OLED_I2C.o (__aeabi_dsub)
c:/siliconlabs/simplicitystudio/v4/developer/toolchains/gnu_arm/7.2_2017q4/bin/../lib/gcc/arm-none-eabi/7.2.1/thumb/v7-m\libgcc.a(_arm_muldivdf3.o)
                              ./src/OLED_I2C.o (__aeabi_ddiv)
c:/siliconlabs/simplicitystudio/v4/developer/toolchains/gnu_arm/7.2_2017q4/bin/../lib/gcc/arm-none-eabi/7.2.1/thumb/v7-m\libgcc.a(_arm_cmpdf2.o)
                              ./src/OLED_I2C.o (__aeabi_dcmplt)
c:/siliconlabs/simplicitystudio/v4/developer/toolchains/gnu_arm/7.2_2017q4/bin/../lib/gcc/arm-none-eabi/7.2.1/thumb/v7-m\libgcc.a(_arm_fixdfsi.o)
                              ./src/OLED_I2C.o (__aeabi_d2iz)
c:/siliconlabs/simplicitystudio/v4/developer/toolchains/gnu_arm/7.2_2017q4/bin/../lib/gcc/arm-none-eabi/7.2.1/thumb/v7-m\libgcc.a(_arm_addsubsf3.o)
                              ./src/lcd.o (__aeabi_fadd)
c:/siliconlabs/simplicitystudio/v4/developer/toolchains/gnu_arm/7.2_2017q4/bin/../lib/gcc/arm-none-eabi/7.2.1/thumb/v7-m\libgcc.a(_arm_muldivsf3.o)
                              ./src/main.o (__aeabi_fmul)
c:/siliconlabs/simplicitystudio/v4/developer/toolchains/gnu_arm/7.2_2017q4/bin/../lib/gcc/arm-none-eabi/7.2.1/thumb/v7-m\libgcc.a(_arm_cmpsf2.o)
                              ./src/lcd.o (__aeabi_fcmplt)
c:/siliconlabs/simplicitystudio/v4/developer/toolchains/gnu_arm/7.2_2017q4/bin/../lib/gcc/arm-none-eabi/7.2.1/thumb/v7-m\libgcc.a(_arm_fixsfsi.o)
                              ./src/lcd.o (__aeabi_f2iz)
c:/siliconlabs/simplicitystudio/v4/developer/toolchains/gnu_arm/7.2_2017q4/bin/../lib/gcc/arm-none-eabi/7.2.1/thumb/v7-m\libgcc.a(_aeabi_uldivmod.o)
                              ./emlib/em_usart.o (__aeabi_uldivmod)
c:/siliconlabs/simplicitystudio/v4/developer/toolchains/gnu_arm/7.2_2017q4/bin/../lib/gcc/arm-none-eabi/7.2.1/thumb/v7-m\libgcc.a(_udivmoddi4.o)
                              c:/siliconlabs/simplicitystudio/v4/developer/toolchains/gnu_arm/7.2_2017q4/bin/../lib/gcc/arm-none-eabi/7.2.1/thumb/v7-m\libgcc.a(_aeabi_uldivmod.o) (__udivmoddi4)
c:/siliconlabs/simplicitystudio/v4/developer/toolchains/gnu_arm/7.2_2017q4/bin/../lib/gcc/arm-none-eabi/7.2.1/thumb/v7-m\libgcc.a(_dvmd_tls.o)
                              c:/siliconlabs/simplicitystudio/v4/developer/toolchains/gnu_arm/7.2_2017q4/bin/../lib/gcc/arm-none-eabi/7.2.1/thumb/v7-m\libgcc.a(_aeabi_uldivmod.o) (__aeabi_ldiv0)
c:/siliconlabs/simplicitystudio/v4/developer/toolchains/gnu_arm/7.2_2017q4/bin/../lib/gcc/arm-none-eabi/7.2.1/../../../../arm-none-eabi/lib/thumb/v7-m\libc_nano.a(lib_a-abs.o)
                              ./Drivers/segmentlcd.o (abs)
c:/siliconlabs/simplicitystudio/v4/developer/toolchains/gnu_arm/7.2_2017q4/bin/../lib/gcc/arm-none-eabi/7.2.1/../../../../arm-none-eabi/lib/thumb/v7-m\libc_nano.a(lib_a-exit.o)
                              c:/siliconlabs/simplicitystudio/v4/developer/toolchains/gnu_arm/7.2_2017q4/bin/../lib/gcc/arm-none-eabi/7.2.1/../../../../arm-none-eabi/lib/thumb/v7-m/crt0.o (exit)
c:/siliconlabs/simplicitystudio/v4/developer/toolchains/gnu_arm/7.2_2017q4/bin/../lib/gcc/arm-none-eabi/7.2.1/../../../../arm-none-eabi/lib/thumb/v7-m\libc_nano.a(lib_a-impure.o)
                              c:/siliconlabs/simplicitystudio/v4/developer/toolchains/gnu_arm/7.2_2017q4/bin/../lib/gcc/arm-none-eabi/7.2.1/../../../../arm-none-eabi/lib/thumb/v7-m\libc_nano.a(lib_a-exit.o) (_global_impure_ptr)
c:/siliconlabs/simplicitystudio/v4/developer/toolchains/gnu_arm/7.2_2017q4/bin/../lib/gcc/arm-none-eabi/7.2.1/../../../../arm-none-eabi/lib/thumb/v7-m\libc_nano.a(lib_a-init.o)
                              c:/siliconlabs/simplicitystudio/v4/developer/toolchains/gnu_arm/7.2_2017q4/bin/../lib/gcc/arm-none-eabi/7.2.1/../../../../arm-none-eabi/lib/thumb/v7-m/crt0.o (__libc_init_array)
c:/siliconlabs/simplicitystudio/v4/developer/toolchains/gnu_arm/7.2_2017q4/bin/../lib/gcc/arm-none-eabi/7.2.1/../../../../arm-none-eabi/lib/thumb/v7-m\libc_nano.a(lib_a-memcpy-stub.o)
                              ./Drivers/hidkbd.o (memcpy)
c:/siliconlabs/simplicitystudio/v4/developer/toolchains/gnu_arm/7.2_2017q4/bin/../lib/gcc/arm-none-eabi/7.2.1/../../../../arm-none-eabi/lib/thumb/v7-m\libc_nano.a(lib_a-memset.o)
                              c:/siliconlabs/simplicitystudio/v4/developer/toolchains/gnu_arm/7.2_2017q4/bin/../lib/gcc/arm-none-eabi/7.2.1/../../../../arm-none-eabi/lib/thumb/v7-m/crt0.o (memset)
c:/siliconlabs/simplicitystudio/v4/developer/toolchains/gnu_arm/7.2_2017q4/bin/../lib/gcc/arm-none-eabi/7.2.1/../../../../arm-none-eabi/lib/thumb/v7-m\libc_nano.a(lib_a-setvbuf.o)
                              ./src/retargetvirtual.o (setvbuf)
[...]
Memory Configuration

Name             Origin             Length             Attributes
FLASH            0x00000000         0x00100000         xr
RAM              0x20000000         0x00020000         xrw
*default*        0x00000000         0xffffffff

Linker script and memory map

LOAD c:/siliconlabs/simplicitystudio/v4/developer/toolchains/gnu_arm/7.2_2017q4/bin/../lib/gcc/arm-none-eabi/7.2.1/thumb/v7-m/crti.o
LOAD c:/siliconlabs/simplicitystudio/v4/developer/toolchains/gnu_arm/7.2_2017q4/bin/../lib/gcc/arm-none-eabi/7.2.1/thumb/v7-m/crtbegin.o
LOAD c:/siliconlabs/simplicitystudio/v4/developer/toolchains/gnu_arm/7.2_2017q4/bin/../lib/gcc/arm-none-eabi/7.2.1/../../../../arm-none-eabi/lib/thumb/v7-m/crt0.o
LOAD ./BSP/bsp_trace.o
LOAD ./CMSIS/EFM32GG/startup_efm32gg.o
LOAD ./CMSIS/EFM32GG/system_efm32gg.o
LOAD ./Drivers/hidkbd.o
LOAD ./Drivers/segmentlcd.o
LOAD ./emlib/em_adc.o
LOAD ./emlib/em_assert.o
LOAD ./emlib/em_cmu.o
LOAD ./emlib/em_core.o
LOAD ./emlib/em_ebi.o
LOAD ./emlib/em_emu.o
LOAD ./emlib/em_gpio.o
LOAD ./emlib/em_i2c.o
LOAD ./emlib/em_int.o
LOAD ./emlib/em_lcd.o
LOAD ./emlib/em_leuart.o
LOAD ./emlib/em_prs.o
LOAD ./emlib/em_rtc.o
LOAD ./emlib/em_system.o
LOAD ./emlib/em_timer.o
LOAD ./emlib/em_usart.o
LOAD ./emlib/em_vcmp.o
LOAD ./emusb/em_usbd.o
LOAD ./emusb/em_usbdch9.o
LOAD ./emusb/em_usbdep.o
LOAD ./emusb/em_usbdint.o
LOAD ./emusb/em_usbhal.o
LOAD ./emusb/em_usbtimer.o
LOAD ./src/OLED_I2C.o
LOAD ./src/descriptors.o
LOAD ./src/lcd.o
LOAD ./src/main.o
LOAD ./src/retargetvirtual.o
START GROUP
LOAD c:/siliconlabs/simplicitystudio/v4/developer/toolchains/gnu_arm/7.2_2017q4/bin/../lib/gcc/arm-none-eabi/7.2.1/thumb/v7-m\libgcc.a
LOAD c:/siliconlabs/simplicitystudio/v4/developer/toolchains/gnu_arm/7.2_2017q4/bin/../lib/gcc/arm-none-eabi/7.2.1/../../../../arm-none-eabi/lib/thumb/v7-m\libc_nano.a
LOAD c:/siliconlabs/simplicitystudio/v4/developer/toolchains/gnu_arm/7.2_2017q4/bin/../lib/gcc/arm-none-eabi/7.2.1/../../../../arm-none-eabi/lib/thumb/v7-m\libnosys.a
END GROUP
START GROUP
LOAD c:/siliconlabs/simplicitystudio/v4/developer/toolchains/gnu_arm/7.2_2017q4/bin/../lib/gcc/arm-none-eabi/7.2.1/thumb/v7-m\libgcc.a
LOAD c:/siliconlabs/simplicitystudio/v4/developer/toolchains/gnu_arm/7.2_2017q4/bin/../lib/gcc/arm-none-eabi/7.2.1/../../../../arm-none-eabi/lib/thumb/v7-m\libg_nano.a
LOAD c:/siliconlabs/simplicitystudio/v4/developer/toolchains/gnu_arm/7.2_2017q4/bin/../lib/gcc/arm-none-eabi/7.2.1/../../../../arm-none-eabi/lib/thumb/v7-m\libc_nano.a
END GROUP
START GROUP
LOAD c:/siliconlabs/simplicitystudio/v4/developer/toolchains/gnu_arm/7.2_2017q4/bin/../lib/gcc/arm-none-eabi/7.2.1/thumb/v7-m\libgcc.a
LOAD c:/siliconlabs/simplicitystudio/v4/developer/toolchains/gnu_arm/7.2_2017q4/bin/../lib/gcc/arm-none-eabi/7.2.1/../../../../arm-none-eabi/lib/thumb/v7-m\libc_nano.a
END GROUP
LOAD c:/siliconlabs/simplicitystudio/v4/developer/toolchains/gnu_arm/7.2_2017q4/bin/../lib/gcc/arm-none-eabi/7.2.1/thumb/v7-m/crtend.o
LOAD c:/siliconlabs/simplicitystudio/v4/developer/toolchains/gnu_arm/7.2_2017q4/bin/../lib/gcc/arm-none-eabi/7.2.1/thumb/v7-m/crtn.o

.text           0x00000000     0x9e3c
 *(.vectors)
 .vectors       0x00000000       0xdc ./CMSIS/EFM32GG/startup_efm32gg.o
                0x00000000                __Vectors
                0x000000dc                __Vectors_End = .
                0x000000dc                __Vectors_Size = (__Vectors_End - __Vectors)
                0x000000dc                __end__ = .
 *(.text*)
 .text          0x000000dc       0x40 c:/siliconlabs/simplicitystudio/v4/developer/toolchains/gnu_arm/7.2_2017q4/bin/../lib/gcc/arm-none-eabi/7.2.1/thumb/v7-m/crtbegin.o
 .text          0x0000011c       0x74 c:/siliconlabs/simplicitystudio/v4/developer/toolchains/gnu_arm/7.2_2017q4/bin/../lib/gcc/arm-none-eabi/7.2.1/../../../../arm-none-eabi/lib/thumb/v7-m/crt0.o
                0x0000011c                _start
                0x0000011c                _mainCRTStartup
 .text.BSP_TraceProfilerSetup
                0x00000190      0x118 ./BSP/bsp_trace.o
                0x00000190                BSP_TraceProfilerSetup
 .text          0x000002a8       0x30 ./CMSIS/EFM32GG/startup_efm32gg.o
                0x000002a8                Reset_Handler
                0x000002d4                DebugMon_Handler
                0x000002d4                USART0_TX_IRQHandler
                0x000002d4                I2C0_IRQHandler
                0x000002d4                HardFault_Handler
                0x000002d4                LEUART1_IRQHandler
                0x000002d4                USART1_RX_IRQHandler
                0x000002d4                PendSV_Handler
                0x000002d4                NMI_Handler
                0x000002d4                I2C1_IRQHandler
                0x000002d4                USART1_TX_IRQHandler
                0x000002d4                MSC_IRQHandler
                0x000002d4                ADC0_IRQHandler
                0x000002d4                UsageFault_Handler
                0x000002d4                GPIO_EVEN_IRQHandler
                0x000002d4                UART0_TX_IRQHandler
                0x000002d4                UART1_TX_IRQHandler
                0x000002d4                RTC_IRQHandler
                0x000002d4                TIMER2_IRQHandler
                0x000002d4                LCD_IRQHandler
                0x000002d4                PCNT2_IRQHandler
                0x000002d4                UART0_RX_IRQHandler
                0x000002d4                LETIMER0_IRQHandler
                0x000002d4                TIMER1_IRQHandler
                0x000002d4                USART2_RX_IRQHandler
                0x000002d4                Default_Handler
                0x000002d4                EMU_IRQHandler
                0x000002d4                PCNT0_IRQHandler
                0x000002d4                sl_app_properties
                0x000002d4                BURTC_IRQHandler
                0x000002d4                PCNT1_IRQHandler
                0x000002d4                ACMP0_IRQHandler
                0x000002d4                USART0_RX_IRQHandler
                0x000002d4                MemManage_Handler
                0x000002d4                SVC_Handler
                0x000002d4                DAC0_IRQHandler
                0x000002d4                UART1_RX_IRQHandler
                0x000002d4                CMU_IRQHandler
                0x000002d4                EBI_IRQHandler
                0x000002d4                LESENSE_IRQHandler
                0x000002d4                GPIO_ODD_IRQHandler
                0x000002d4                AES_IRQHandler
                0x000002d4                VCMP_IRQHandler
                0x000002d4                DMA_IRQHandler
                0x000002d4                BusFault_Handler
                0x000002d4                USART2_TX_IRQHandler
 .text.GetProdRev
                0x000002d8       0x18 ./CMSIS/EFM32GG/system_efm32gg.o
 .text.SystemCoreClockGet
                0x000002f0       0x34 ./CMSIS/EFM32GG/system_efm32gg.o
                0x000002f0                SystemCoreClockGet
 .text.SystemMaxCoreClockGet
                0x00000324       0x14 ./CMSIS/EFM32GG/system_efm32gg.o
                0x00000324                SystemMaxCoreClockGet
 .text.SystemHFClockGet
                0x00000338      0x100 ./CMSIS/EFM32GG/system_efm32gg.o
                0x00000338                SystemHFClockGet
 .text.SystemHFXOClockGet
                0x00000438       0x14 ./CMSIS/EFM32GG/system_efm32gg.o
                0x00000438                SystemHFXOClockGet
 .text.SystemInit
                0x0000044c       0x1c ./CMSIS/EFM32GG/system_efm32gg.o
                0x0000044c                SystemInit
 .text.SystemLFRCOClockGet
                0x00000468       0x10 ./CMSIS/EFM32GG/system_efm32gg.o
                0x00000468                SystemLFRCOClockGet
 .text.SystemULFRCOClockGet
                0x00000478       0x10 ./CMSIS/EFM32GG/system_efm32gg.o
                0x00000478                SystemULFRCOClockGet
 .text.SystemLFXOClockGet
                0x00000488       0x14 ./CMSIS/EFM32GG/system_efm32gg.o
                0x00000488                SystemLFXOClockGet
 .text.IdleTimeout
                0x0000049c       0x48 ./Drivers/hidkbd.o
 .text.OutputReportReceived
                0x000004e4       0x44 ./Drivers/hidkbd.o
 .text.HIDKBD_Init
                0x00000528       0x44 ./Drivers/hidkbd.o
                0x00000528                HIDKBD_Init
 .text.HIDKBD_KeyboardEvent
                0x0000056c       0x50 ./Drivers/hidkbd.o
                0x0000056c                HIDKBD_KeyboardEvent
 .text.HIDKBD_SetupCmd
                0x000005bc      0x28c ./Drivers/hidkbd.o
                0x000005bc                HIDKBD_SetupCmd
 .text.HIDKBD_StateChangeEvent
                0x00000848       0x70 ./Drivers/hidkbd.o
                0x00000848                HIDKBD_StateChangeEvent
 .text.QueueEmpty
                0x000008b8       0x24 ./Drivers/hidkbd.o
 .text.QueueFull
                0x000008dc       0x24 ./Drivers/hidkbd.o
 .text.QueueGet
                0x00000900       0x64 ./Drivers/hidkbd.o
 .text.QueueInit
                0x00000964       0x1c ./Drivers/hidkbd.o
 .text.QueuePut
                0x00000980       0x60 ./Drivers/hidkbd.o
 .text.LCD_FreezeEnable
                0x000009e0       0x2c ./Drivers/segmentlcd.o
 .text.LCD_SyncBusyDelay
                0x00000a0c       0x24 ./Drivers/segmentlcd.o
 .text.LCD_IntDisable
                0x00000a30       0x24 ./Drivers/segmentlcd.o
 .text.SegmentLCD_AllOff
                0x00000a54       0xac ./Drivers/segmentlcd.o
                0x00000a54                SegmentLCD_AllOff
 .text.SegmentLCD_AlphaNumberOff
                0x00000b00       0xa8 ./Drivers/segmentlcd.o
                0x00000b00                SegmentLCD_AlphaNumberOff
 .text.SegmentLCD_Init
                0x00000ba8       0xb8 ./Drivers/segmentlcd.o
                0x00000ba8                SegmentLCD_Init
 .text.SegmentLCD_Number
                0x00000c60      0x128 ./Drivers/segmentlcd.o
                0x00000c60                SegmentLCD_Number
 .text.SegmentLCD_NumberOff
                0x00000d88       0x4e ./Drivers/segmentlcd.o
                0x00000d88                SegmentLCD_NumberOff
 *fill*         0x00000dd6        0x2 
 .text.SegmentLCD_Symbol
                0x00000dd8      0x118 ./Drivers/segmentlcd.o
                0x00000dd8                SegmentLCD_Symbol
 .text.SegmentLCD_Write
                0x00000ef0       0xd8 ./Drivers/segmentlcd.o
                0x00000ef0                SegmentLCD_Write
 .text.ADC_LoadDevinfoCal
                0x00000fc8      0x144 ./emlib/em_adc.o
 .text.ADC_Init
                0x0000110c       0xcc ./emlib/em_adc.o
                0x0000110c                ADC_Init
 .text.ADC_InitSingle
                0x000011d8       0xb4 ./emlib/em_adc.o
                0x000011d8                ADC_InitSingle
 .text.ADC_PrescaleCalc
                0x0000128c       0x70 ./emlib/em_adc.o
                0x0000128c                ADC_PrescaleCalc
 .text.ADC_TimebaseCalc
                0x000012fc       0x60 ./emlib/em_adc.o
                0x000012fc                ADC_TimebaseCalc
 .text.BUS_RegBitWrite
                0x0000135c       0x2c ./emlib/em_cmu.o
 .text.BUS_RegBitRead
                0x00001388       0x28 ./emlib/em_cmu.o
 .text.SL_Log2ToDiv
                0x000013b0       0x2c ./emlib/em_cmu.o
 .text.CMU_DivToLog2
                0x000013dc       0x3c ./emlib/em_cmu.o
 .text.SYSTEM_GetProdRev
                0x00001418       0x18 ./emlib/em_cmu.o
 .text.SYSTEM_GetFamily
                0x00001430       0x18 ./emlib/em_cmu.o
 .text.maxFreqHfle
                0x00001448       0x88 ./emlib/em_cmu.o
 .text.setHfLeConfig
                0x000014d0       0x64 ./emlib/em_cmu.o
 .text.getHfLeConfig
                0x00001534       0x20 ./emlib/em_cmu.o
 .text.auxClkGet
                0x00001554       0xc0 ./emlib/em_cmu.o
 .text.dbgClkGet
                0x00001614       0x4c ./emlib/em_cmu.o
 .text.flashWaitStateControl
                0x00001660       0x98 ./emlib/em_cmu.o
 .text.flashWaitStateMax
                0x000016f8       0x44 ./emlib/em_cmu.o
 .text.CMU_UpdateWaitStates
                0x0000173c       0x40 ./emlib/em_cmu.o
                0x0000173c                CMU_UpdateWaitStates
 .text.lfClkGet
                0x0000177c      0x10c ./emlib/em_cmu.o
 .text.syncReg  0x00001888       0x34 ./emlib/em_cmu.o
 .text.usbCClkGet
                0x000018bc       0x4c ./emlib/em_cmu.o
 .text.hfperClkSafePrescaler
                0x00001908        0xc ./emlib/em_cmu.o
 .text.hfperClkOptimizedPrescaler
                0x00001914        0xc ./emlib/em_cmu.o
 .text.CMU_ClockDivGet
                0x00001920      0x1c8 ./emlib/em_cmu.o
                0x00001920                CMU_ClockDivGet
 .text.CMU_ClockDivSet
                0x00001ae8      0x304 ./emlib/em_cmu.o
                0x00001ae8                CMU_ClockDivSet
 .text.CMU_ClockEnable
                0x00001dec       0xd4 ./emlib/em_cmu.o
                0x00001dec                CMU_ClockEnable
 .text.CMU_ClockFreqGet
                0x00001ec0      0x20c ./emlib/em_cmu.o
                0x00001ec0                CMU_ClockFreqGet
 .text.CMU_ClockSelectGet
                0x000020cc      0x168 ./emlib/em_cmu.o
                0x000020cc                CMU_ClockSelectGet
 .text.CMU_ClockSelectSet
                0x00002234      0x2d4 ./emlib/em_cmu.o
                0x00002234                CMU_ClockSelectSet
 .text.CMU_LCDClkFDIVSet
                0x00002508       0x50 ./emlib/em_cmu.o
                0x00002508                CMU_LCDClkFDIVSet
 .text.CMU_OscillatorEnable
                0x00002558       0xc8 ./emlib/em_cmu.o
                0x00002558                CMU_OscillatorEnable
 .text.CORE_AtomicDisableIrq
                0x00002620        0xe ./emlib/em_core.o
                0x00002620                CORE_AtomicDisableIrq
 .text.CORE_AtomicEnableIrq
                0x0000262e        0xe ./emlib/em_core.o
                0x0000262e                CORE_AtomicEnableIrq
 .text.CORE_EnterAtomic
                0x0000263c       0x1e ./emlib/em_core.o
                0x0000263c                CORE_EnterAtomic
 .text.CORE_ExitAtomic
                0x0000265a       0x1a ./emlib/em_core.o
                0x0000265a                CORE_ExitAtomic
 .text.GPIO_PinOutClear
                0x00002674       0x98 ./emlib/em_gpio.o
 .text.GPIO_PinOutSet
                0x0000270c       0x98 ./emlib/em_gpio.o
 .text.GPIO_PinModeSet
                0x000027a4      0x15c ./emlib/em_gpio.o
                0x000027a4                GPIO_PinModeSet
 .text.LCD_Enable
                0x00002900       0x38 ./emlib/em_lcd.o
 .text.BUS_RegBitWrite
                0x00002938       0x2c ./emlib/em_lcd.o
 .text.LCD_Init
                0x00002964       0x8c ./emlib/em_lcd.o
                0x00002964                LCD_Init
 .text.LCD_VLCDSelect
                0x000029f0       0x44 ./emlib/em_lcd.o
                0x000029f0                LCD_VLCDSelect
 .text.LCD_SegmentRangeEnable
                0x00002a34       0x40 ./emlib/em_lcd.o
                0x00002a34                LCD_SegmentRangeEnable
 .text.LCD_SegmentSet
                0x00002a74      0x1f4 ./emlib/em_lcd.o
                0x00002a74                LCD_SegmentSet
 .text.LCD_SegmentSetLow
                0x00002c68      0x198 ./emlib/em_lcd.o
                0x00002c68                LCD_SegmentSetLow
 .text.LCD_SegmentSetHigh
                0x00002e00      0x190 ./emlib/em_lcd.o
                0x00002e00                LCD_SegmentSetHigh
 .text.LCD_VBoostSet
                0x00002f90       0x28 ./emlib/em_lcd.o
                0x00002f90                LCD_VBoostSet
 .text.LEUART_Sync
                0x00002fb8       0x30 ./emlib/em_leuart.o
 .text.LEUART_BaudrateSet
                0x00002fe8       0xb0 ./emlib/em_leuart.o
                0x00002fe8                LEUART_BaudrateSet
 .text.LEUART_Enable
                0x00003098       0x64 ./emlib/em_leuart.o
                0x00003098                LEUART_Enable
 .text.LEUART_FreezeEnable
                0x000030fc       0x34 ./emlib/em_leuart.o
                0x000030fc                LEUART_FreezeEnable
 .text.LEUART_Init
                0x00003130       0x90 ./emlib/em_leuart.o
                0x00003130                LEUART_Init
 .text.LEUART_Rx
                0x000031c0       0x26 ./emlib/em_leuart.o
                0x000031c0                LEUART_Rx
 *fill*         0x000031e6        0x2 
 .text.SYSTEM_ChipRevisionGet
                0x000031e8       0x88 ./emlib/em_system.o
                0x000031e8                SYSTEM_ChipRevisionGet
 .text.TIMER_Valid
                0x00003270       0x50 ./emlib/em_timer.o
 .text.TIMER_Init
                0x000032c0       0xfc ./emlib/em_timer.o
                0x000032c0                TIMER_Init
 .text.TIMER_InitCC
                0x000033bc       0xc0 ./emlib/em_timer.o
                0x000033bc                TIMER_InitCC
 .text.__NVIC_EnableIRQ
                0x0000347c       0x38 ./emusb/em_usbd.o
 .text.__NVIC_ClearPendingIRQ
                0x000034b4       0x3c ./emusb/em_usbd.o
 .text.USBHAL_DisableGlobalInt
                0x000034f0       0x28 ./emusb/em_usbd.o
 .text.USBHAL_EnableGlobalInt
                0x00003518       0x28 ./emusb/em_usbd.o
 .text.USBHAL_VbusIsOn
                0x00003540       0x24 ./emusb/em_usbd.o
 .text.USBDHAL_EnableUsbResetAndSuspendInt
                0x00003564       0x2c ./emusb/em_usbd.o
 .text.USBDHAL_EpIsStalled
                0x00003590       0x38 ./emusb/em_usbd.o
 .text.USBDHAL_GetStallStatusEp
                0x000035c8       0xa4 ./emusb/em_usbd.o
 .text.USBDHAL_SetEp0InDmaPtr
                0x0000366c       0x24 ./emusb/em_usbd.o
 .text.USBDHAL_SetEp0OutDmaPtr
                0x00003690       0x24 ./emusb/em_usbd.o
 .text.USBDHAL_StartEp0In
                0x000036b4       0x50 ./emusb/em_usbd.o
 .text.USBDHAL_StartEp0Out
                0x00003704       0x50 ./emusb/em_usbd.o
 .text.USBDHAL_StartEpIn
                0x00003754       0xa8 ./emusb/em_usbd.o
 .text.USBDHAL_StartEpOut
                0x000037fc       0xb8 ./emusb/em_usbd.o
 .text.USBD_ArmEp
                0x000038b4       0x26 ./emusb/em_usbd.o
 *fill*         0x000038da        0x2 
 .text.USBD_ArmEp0
                0x000038dc       0x7c ./emusb/em_usbd.o
 .text.USBD_ArmEpN
                0x00003958       0x26 ./emusb/em_usbd.o
 *fill*         0x0000397e        0x2 
 .text.USBD_GetEpFromAddr
                0x00003980       0x7c ./emusb/em_usbd.o
 .text.USBD_GetUsbState
                0x000039fc       0x18 ./emusb/em_usbd.o
                0x000039fc                USBD_GetUsbState
 .text.USBD_Init
                0x00003a14      0x480 ./emusb/em_usbd.o
                0x00003a14                USBD_Init
 .text.USBD_Read
                0x00003e94      0x130 ./emusb/em_usbd.o
                0x00003e94                USBD_Read
 .text.USBD_SetUsbState
                0x00003fc4       0x70 ./emusb/em_usbd.o
                0x00003fc4                USBD_SetUsbState
 .text.USBD_Write
                0x00004034      0x134 ./emusb/em_usbd.o
                0x00004034                USBD_Write
 .text.USBDHAL_ActivateEp
                0x00004168      0x114 ./emusb/em_usbdch9.o
 .text.USBDHAL_DeactivateEp
                0x0000427c       0x6c ./emusb/em_usbdch9.o
 .text.USBDHAL_GetStallStatusEp
                0x000042e8       0xa4 ./emusb/em_usbdch9.o
 .text.USBDHAL_SetAddr
                0x0000438c       0x34 ./emusb/em_usbdch9.o
 .text.USBDHAL_StallEp
                0x000043c0       0xac ./emusb/em_usbdch9.o
 .text.USBDHAL_UnStallEp
                0x0000446c       0xc4 ./emusb/em_usbdch9.o
 .text.USBD_ActivateAllEps
                0x00004530       0x48 ./emusb/em_usbdch9.o
 .text.USBD_DeactivateAllEps
                0x00004578       0x58 ./emusb/em_usbdch9.o
 .text.USBD_GetEpFromAddr
                0x000045d0       0x7c ./emusb/em_usbdch9.o
 .text.USBDCH9_SetupCmd
                0x0000464c       0xf0 ./emusb/em_usbdch9.o
                0x0000464c                USBDCH9_SetupCmd
 .text.ClearFeature
                0x0000473c       0xc4 ./emusb/em_usbdch9.o
 .text.GetConfiguration
                0x00004800       0xa4 ./emusb/em_usbdch9.o
 .text.GetDescriptor
                0x000048a4       0xfa ./emusb/em_usbdch9.o
 *fill*         0x0000499e        0x2 
 .text.GetInterface
                0x000049a0       0x8c ./emusb/em_usbdch9.o
 .text.GetStatus
                0x00004a2c      0x19c ./emusb/em_usbdch9.o
 .text.SetAddress
                0x00004bc8       0xaa ./emusb/em_usbdch9.o
 .text.SetConfiguration
                0x00004c72      0x100 ./emusb/em_usbdch9.o
 .text.SetFeature
                0x00004d72       0xf6 ./emusb/em_usbdch9.o
 .text.SetInterface
                0x00004e68       0x64 ./emusb/em_usbdch9.o
 .text.USBDHAL_ReenableEp0Setup
                0x00004ecc       0x50 ./emusb/em_usbdep.o
 .text.USBDHAL_StallEp
                0x00004f1c       0xac ./emusb/em_usbdep.o
 .text.USBDHAL_StartEp0In
                0x00004fc8       0x50 ./emusb/em_usbdep.o
 .text.USBDHAL_StartEp0Out
                0x00005018       0x50 ./emusb/em_usbdep.o
 .text.USBD_GetEpFromAddr
                0x00005068       0x7c ./emusb/em_usbdep.o
 .text.USBD_ReArmEp0
                0x000050e4       0x5c ./emusb/em_usbdep.o
 .text.USBDEP_Ep0Handler
                0x00005140      0x264 ./emusb/em_usbdep.o
                0x00005140                USBDEP_Ep0Handler
 .text.USBDEP_EpHandler
                0x000053a4       0x6c ./emusb/em_usbdep.o
                0x000053a4                USBDEP_EpHandler
 .text.USBHAL_FlushTxFifo
                0x00005410       0x40 ./emusb/em_usbdint.o
 .text.USBHAL_GetCoreInts
                0x00005450       0x34 ./emusb/em_usbdint.o
 .text.USBDHAL_EnableInts
                0x00005484       0x58 ./emusb/em_usbdint.o
 .text.USBDHAL_EnableUsbResetAndSuspendInt
                0x000054dc       0x2c ./emusb/em_usbdint.o
 .text.USBDHAL_Ep0Activate
                0x00005508       0x58 ./emusb/em_usbdint.o
 .text.USBDHAL_GetAllInEpInts
                0x00005560       0x34 ./emusb/em_usbdint.o
 .text.USBDHAL_GetAllOutEpInts
                0x00005594       0x34 ./emusb/em_usbdint.o
 .text.USBDHAL_GetInEpInts
                0x000055c8       0x3c ./emusb/em_usbdint.o
 .text.USBDHAL_GetOutEpInts
                0x00005604       0x3c ./emusb/em_usbdint.o
 .text.USBDHAL_StartEp0Setup
                0x00005640       0x70 ./emusb/em_usbdint.o
 .text.USBD_GetEpFromAddr
                0x000056b0       0x7c ./emusb/em_usbdint.o
 .text.USB_IRQHandler
                0x0000572c      0x1b8 ./emusb/em_usbdint.o
                0x0000572c                USB_IRQHandler
 .text.Handle_USB_GINTSTS_ENUMDONE
                0x000058e4       0x34 ./emusb/em_usbdint.o
 .text.Handle_USB_GINTSTS_IEPINT
                0x00005918      0x110 ./emusb/em_usbdint.o
 .text.Handle_USB_GINTSTS_OEPINT
                0x00005a28       0x9c ./emusb/em_usbdint.o
 .text.ProcessOepData
                0x00005ac4       0x9c ./emusb/em_usbdint.o
 .text.ProcessSetup
                0x00005b60       0xcc ./emusb/em_usbdint.o
 .text.Handle_USB_GINTSTS_RESETDET
                0x00005c2c       0x70 ./emusb/em_usbdint.o
 .text.Handle_USB_GINTSTS_SOF
                0x00005c9c       0x48 ./emusb/em_usbdint.o
 .text.Handle_USB_GINTSTS_USBRST
                0x00005ce4       0xf4 ./emusb/em_usbdint.o
 .text.Handle_USB_GINTSTS_USBSUSP
                0x00005dd8       0x64 ./emusb/em_usbdint.o
 .text.Handle_USB_GINTSTS_WKUPINT
                0x00005e3c       0x70 ./emusb/em_usbdint.o
 .text.UsbPowerDown
                0x00005eac      0x2ac ./emusb/em_usbdint.o
 .text.UsbPowerUp
                0x00006158      0x1ac ./emusb/em_usbdint.o
 .text.RestoreEpCtrlRegisters
                0x00006304      0x140 ./emusb/em_usbdint.o
 .text.__NVIC_ClearPendingIRQ
                0x00006444       0x3c ./emusb/em_usbhal.o
 .text.USBHAL_FlushRxFifo
                0x00006480       0x30 ./emusb/em_usbhal.o
 .text.USBHAL_FlushTxFifo
                0x000064b0       0x40 ./emusb/em_usbhal.o
 .text.USBDHAL_DeactivateEp
                0x000064f0       0x6c ./emusb/em_usbhal.o
 .text.USBDHAL_GetInEpInts
                0x0000655c       0x3c ./emusb/em_usbhal.o
 .text.USBDHAL_GetOutEpInts
                0x00006598       0x3c ./emusb/em_usbhal.o
 .text.USBDHAL_SetEPDISNAK
                0x000065d4       0x84 ./emusb/em_usbhal.o
 .text.USBD_GetEpFromAddr
                0x00006658       0x7c ./emusb/em_usbhal.o
 .text.PrintI   0x000066d4       0x12 ./emusb/em_usbhal.o
 .text.assertEFM
                0x000066e6       0x12 ./emusb/em_usbhal.o
                0x000066e6                assertEFM
 .text.USBHAL_CoreReset
                0x000066f8       0x88 ./emusb/em_usbhal.o
                0x000066f8                USBHAL_CoreReset
 .text.USBDHAL_CoreInit
                0x00006780      0x2e8 ./emusb/em_usbhal.o
                0x00006780                USBDHAL_CoreInit
 .text.USBDHAL_AbortAllEps
                0x00006a68      0x3f0 ./emusb/em_usbhal.o
                0x00006a68                USBDHAL_AbortAllEps
 .text.USBDHAL_AbortAllTransfers
                0x00006e58       0xa8 ./emusb/em_usbhal.o
                0x00006e58                USBDHAL_AbortAllTransfers
 .text.__NVIC_EnableIRQ
                0x00006f00       0x38 ./emusb/em_usbtimer.o
 .text.__NVIC_ClearPendingIRQ
                0x00006f38       0x3c ./emusb/em_usbtimer.o
 .text.TIMER_MaxCount
                0x00006f74       0x16 ./emusb/em_usbtimer.o
 .text.TIMER_CaptureGet
                0x00006f8a       0x22 ./emusb/em_usbtimer.o
 .text.TIMER_CompareSet
                0x00006fac       0x40 ./emusb/em_usbtimer.o
 .text.TIMER_CounterGet
                0x00006fec       0x16 ./emusb/em_usbtimer.o
 .text.TIMER_IntClear
                0x00007002       0x1a ./emusb/em_usbtimer.o
 .text.TIMER_IntEnable
                0x0000701c       0x20 ./emusb/em_usbtimer.o
 .text.TIMER_IntGet
                0x0000703c       0x16 ./emusb/em_usbtimer.o
 *fill*         0x00007052        0x2 
 .text.TIMER_TopSet
                0x00007054       0x34 ./emusb/em_usbtimer.o
 .text.TIMER0_IRQHandler
                0x00007088       0x58 ./emusb/em_usbtimer.o
                0x00007088                TIMER0_IRQHandler
 .text.DelayTicks
                0x000070e0       0x44 ./emusb/em_usbtimer.o
 .text.USBTIMER_DelayMs
                0x00007124       0x7c ./emusb/em_usbtimer.o
                0x00007124                USBTIMER_DelayMs
 .text.USBTIMER_DelayUs
                0x000071a0      0x104 ./emusb/em_usbtimer.o
                0x000071a0                USBTIMER_DelayUs
 .text.USBTIMER_Init
                0x000072a4      0x114 ./emusb/em_usbtimer.o
                0x000072a4                USBTIMER_Init
 .text.USBTIMER_Start
                0x000073b8      0x148 ./emusb/em_usbtimer.o
                0x000073b8                USBTIMER_Start
 .text.USBTIMER_Stop
                0x00007500       0x90 ./emusb/em_usbtimer.o
                0x00007500                USBTIMER_Stop
 .text.TimerTick
                0x00007590       0x70 ./emusb/em_usbtimer.o
 .text.__NVIC_SetPriority
                0x00007600       0x54 ./src/main.o
 .text.SysTick_Config
                0x00007654       0x44 ./src/main.o
 .text.SYSTEM_GetProdRev
                0x00007698       0x18 ./src/main.o
 .text.BUS_RegBitRead
                0x000076b0       0x28 ./src/main.o
 .text.GPIO_PinInGet
                0x000076d8       0x98 ./src/main.o
 .text.GPIO_PinOutClear
                0x00007770       0x98 ./src/main.o
 .text.GPIO_PinOutSet
                0x00007808       0x98 ./src/main.o
 .text.GPIO_PinOutToggle
                0x000078a0       0x98 ./src/main.o
 .text.CHIP_Init
                0x00007938       0x48 ./src/main.o
 .text.ADC_DataSingleGet
                0x00007980       0x16 ./src/main.o
 .text.ADC_Start
                0x00007996       0x1c ./src/main.o
 .text.TIMER_MaxCount
                0x000079b2       0x16 ./src/main.o
 .text.TIMER_CaptureGet
                0x000079c8       0x22 ./src/main.o
 *fill*         0x000079ea        0x2 
 .text.TIMER_CompareBufSet
                0x000079ec       0x40 ./src/main.o
 .text.TIMER_IntClear
                0x00007a2c       0x1a ./src/main.o
 .text.TIMER_TopGet
                0x00007a46       0x16 ./src/main.o
 .text.SysTick_Handler
                0x00007a5c       0x1c ./src/main.o
                0x00007a5c                SysTick_Handler
 .text.adcSingle
                0x00007a78       0xb0 ./src/main.o
                0x00007a78                adcSingle
 .text.TIMER3_IRQHandler
                0x00007b28       0x50 ./src/main.o
                0x00007b28                TIMER3_IRQHandler
 .text.readCoordinate
                0x00007b78       0x70 ./src/main.o
                0x00007b78                readCoordinate
 .text.main     0x00007be8      0x23c ./src/main.o
                0x00007be8                main
 .text.ScanTimeout
                0x00007e24       0xc0 ./src/main.o
 .text.StateChange
                0x00007ee4       0x8c ./src/main.o
 .text.__NVIC_EnableIRQ
                0x00007f70       0x38 ./src/retargetvirtual.o
 .text.__NVIC_ClearPendingIRQ
                0x00007fa8       0x3c ./src/retargetvirtual.o
 .text.LEUART_IntClear
                0x00007fe4       0x1a ./src/retargetvirtual.o
 .text.LEUART_IntEnable
                0x00007ffe       0x20 ./src/retargetvirtual.o
 *fill*         0x0000801e        0x2 
 .text.LEUART0_IRQHandler
                0x00008020       0x78 ./src/retargetvirtual.o
                0x00008020                LEUART0_IRQHandler
 .text.RETARGET_SerialCrLf
                0x00008098       0x2c ./src/retargetvirtual.o
                0x00008098                RETARGET_SerialCrLf
 .text.RETARGET_SerialInit
                0x000080c4       0xdc ./src/retargetvirtual.o
                0x000080c4                RETARGET_SerialInit
 .text          0x000081a0      0x378 c:/siliconlabs/simplicitystudio/v4/developer/toolchains/gnu_arm/7.2_2017q4/bin/../lib/gcc/arm-none-eabi/7.2.1/thumb/v7-m\libgcc.a(_arm_addsubdf3.o)
                0x000081a0                __aeabi_drsub
                0x000081a8                __aeabi_dsub
                0x000081a8                __subdf3
                0x000081ac                __aeabi_dadd
                0x000081ac                __adddf3
                0x00008424                __floatunsidf
                0x00008424                __aeabi_ui2d
                0x00008444                __floatsidf
                0x00008444                __aeabi_i2d
                0x00008468                __aeabi_f2d
                0x00008468                __extendsfdf2
                0x000084ac                __floatundidf
                0x000084ac                __aeabi_ul2d
                0x000084bc                __floatdidf
                0x000084bc                __aeabi_l2d
 .text          0x00008518      0x21c c:/siliconlabs/simplicitystudio/v4/developer/toolchains/gnu_arm/7.2_2017q4/bin/../lib/gcc/arm-none-eabi/7.2.1/thumb/v7-m\libgcc.a(_arm_addsubsf3.o)
                0x00008518                __aeabi_frsub
                0x00008520                __subsf3
                0x00008520                __aeabi_fsub
                0x00008524                __aeabi_fadd
                0x00008524                __addsf3
                0x00008684                __aeabi_ui2f
                0x00008684                __floatunsisf
                0x0000868c                __aeabi_i2f
                0x0000868c                __floatsisf
                0x000086a8                __aeabi_ul2f
                0x000086a8                __floatundisf
                0x000086b8                __aeabi_l2f
                0x000086b8                __floatdisf
 .text          0x00008734      0x2a0 c:/siliconlabs/simplicitystudio/v4/developer/toolchains/gnu_arm/7.2_2017q4/bin/../lib/gcc/arm-none-eabi/7.2.1/thumb/v7-m\libgcc.a(_arm_muldivsf3.o)
                0x00008734                __mulsf3
                0x00008734                __aeabi_fmul
                0x0000889c                __aeabi_fdiv
                0x0000889c                __divsf3
 .text          0x000089d4       0xec c:/siliconlabs/simplicitystudio/v4/developer/toolchains/gnu_arm/7.2_2017q4/bin/../lib/gcc/arm-none-eabi/7.2.1/thumb/v7-m\libgcc.a(_arm_cmpsf2.o)
                0x000089d4                __gesf2
                0x000089d4                __gtsf2
                0x000089dc                __lesf2
                0x000089dc                __ltsf2
                0x000089e4                __nesf2
                0x000089e4                __eqsf2
                0x000089e4                __cmpsf2
                0x00008a44                __aeabi_cfrcmple
                0x00008a4c                __aeabi_cfcmpeq
                0x00008a4c                __aeabi_cfcmple
                0x00008a5c                __aeabi_fcmpeq
                0x00008a70                __aeabi_fcmplt
                0x00008a84                __aeabi_fcmple
                0x00008a98                __aeabi_fcmpge
                0x00008aac                __aeabi_fcmpgt
 .text          0x00008ac0       0x4c c:/siliconlabs/simplicitystudio/v4/developer/toolchains/gnu_arm/7.2_2017q4/bin/../lib/gcc/arm-none-eabi/7.2.1/thumb/v7-m\libgcc.a(_arm_fixsfsi.o)
                0x00008ac0                __aeabi_f2iz
                0x00008ac0                __fixsfsi
 .text.abs      0x00008b0c        0x8 c:/siliconlabs/simplicitystudio/v4/developer/toolchains/gnu_arm/7.2_2017q4/bin/../lib/gcc/arm-none-eabi/7.2.1/../../../../arm-none-eabi/lib/thumb/v7-m\libc_nano.a(lib_a-abs.o)
                0x00008b0c                abs
 .text.exit     0x00008b14       0x28 c:/siliconlabs/simplicitystudio/v4/developer/toolchains/gnu_arm/7.2_2017q4/bin/../lib/gcc/arm-none-eabi/7.2.1/../../../../arm-none-eabi/lib/thumb/v7-m\libc_nano.a(lib_a-exit.o)
                0x00008b14                exit
 .text.__libc_init_array
                0x00008b3c       0x48 c:/siliconlabs/simplicitystudio/v4/developer/toolchains/gnu_arm/7.2_2017q4/bin/../lib/gcc/arm-none-eabi/7.2.1/../../../../arm-none-eabi/lib/thumb/v7-m\libc_nano.a(lib_a-init.o)
                0x00008b3c                __libc_init_array
 .text.memcpy   0x00008b84       0x16 c:/siliconlabs/simplicitystudio/v4/developer/toolchains/gnu_arm/7.2_2017q4/bin/../lib/gcc/arm-none-eabi/7.2.1/../../../../arm-none-eabi/lib/thumb/v7-m\libc_nano.a(lib_a-memcpy-stub.o)
                0x00008b84                memcpy
 .text.memset   0x00008b9a       0x10 c:/siliconlabs/simplicitystudio/v4/developer/toolchains/gnu_arm/7.2_2017q4/bin/../lib/gcc/arm-none-eabi/7.2.1/../../../../arm-none-eabi/lib/thumb/v7-m\libc_nano.a(lib_a-memset.o)
                0x00008b9a                memset
 *fill*         0x00008baa        0x2 
 .text.setvbuf  0x00008bac      0x15c c:/siliconlabs/simplicitystudio/v4/developer/toolchains/gnu_arm/7.2_2017q4/bin/../lib/gcc/arm-none-eabi/7.2.1/../../../../arm-none-eabi/lib/thumb/v7-m\libc_nano.a(lib_a-setvbuf.o)
                0x00008bac                setvbuf
 .text          0x00008d08       0x10 c:/siliconlabs/simplicitystudio/v4/developer/toolchains/gnu_arm/7.2_2017q4/bin/../lib/gcc/arm-none-eabi/7.2.1/../../../../arm-none-eabi/lib/thumb/v7-m\libc_nano.a(lib_a-strlen.o)
                0x00008d08                strlen
 .text.__sflush_r
                0x00008d18      0x10c c:/siliconlabs/simplicitystudio/v4/developer/toolchains/gnu_arm/7.2_2017q4/bin/../lib/gcc/arm-none-eabi/7.2.1/../../../../arm-none-eabi/lib/thumb/v7-m\libc_nano.a(lib_a-fflush.o)
                0x00008d18                __sflush_r
 .text._fflush_r
                0x00008e24       0x54 c:/siliconlabs/simplicitystudio/v4/developer/toolchains/gnu_arm/7.2_2017q4/bin/../lib/gcc/arm-none-eabi/7.2.1/../../../../arm-none-eabi/lib/thumb/v7-m\libc_nano.a(lib_a-fflush.o)
                0x00008e24                _fflush_r
 .text.std      0x00008e78       0x48 c:/siliconlabs/simplicitystudio/v4/developer/toolchains/gnu_arm/7.2_2017q4/bin/../lib/gcc/arm-none-eabi/7.2.1/../../../../arm-none-eabi/lib/thumb/v7-m\libc_nano.a(lib_a-findfp.o)
 .text._cleanup_r
                0x00008ec0        0xc c:/siliconlabs/simplicitystudio/v4/developer/toolchains/gnu_arm/7.2_2017q4/bin/../lib/gcc/arm-none-eabi/7.2.1/../../../../arm-none-eabi/lib/thumb/v7-m\libc_nano.a(lib_a-findfp.o)
                0x00008ec0                _cleanup_r
 .text.__sfmoreglue
                0x00008ecc       0x2c c:/siliconlabs/simplicitystudio/v4/developer/toolchains/gnu_arm/7.2_2017q4/bin/../lib/gcc/arm-none-eabi/7.2.1/../../../../arm-none-eabi/lib/thumb/v7-m\libc_nano.a(lib_a-findfp.o)
                0x00008ecc                __sfmoreglue
 .text.__sinit  0x00008ef8       0x60 c:/siliconlabs/simplicitystudio/v4/developer/toolchains/gnu_arm/7.2_2017q4/bin/../lib/gcc/arm-none-eabi/7.2.1/../../../../arm-none-eabi/lib/thumb/v7-m\libc_nano.a(lib_a-findfp.o)
                0x00008ef8                __sinit
 .text.__sfp    0x00008f58       0x78 c:/siliconlabs/simplicitystudio/v4/developer/toolchains/gnu_arm/7.2_2017q4/bin/../lib/gcc/arm-none-eabi/7.2.1/../../../../arm-none-eabi/lib/thumb/v7-m\libc_nano.a(lib_a-findfp.o)
                0x00008f58                __sfp
 .text._fwalk_reent
                0x00008fd0       0x3c c:/siliconlabs/simplicitystudio/v4/developer/toolchains/gnu_arm/7.2_2017q4/bin/../lib/gcc/arm-none-eabi/7.2.1/../../../../arm-none-eabi/lib/thumb/v7-m\libc_nano.a(lib_a-fwalk.o)
                0x00008fd0                _fwalk_reent
 .text.__swhatbuf_r
                0x0000900c       0x48 c:/siliconlabs/simplicitystudio/v4/developer/toolchains/gnu_arm/7.2_2017q4/bin/../lib/gcc/arm-none-eabi/7.2.1/../../../../arm-none-eabi/lib/thumb/v7-m\libc_nano.a(lib_a-makebuf.o)
                0x0000900c                __swhatbuf_r
 .text.malloc   0x00009054       0x10 c:/siliconlabs/simplicitystudio/v4/developer/toolchains/gnu_arm/7.2_2017q4/bin/../lib/gcc/arm-none-eabi/7.2.1/../../../../arm-none-eabi/lib/thumb/v7-m\libc_nano.a(lib_a-malloc.o)
                0x00009054                malloc
 .text._free_r  0x00009064       0x98 c:/siliconlabs/simplicitystudio/v4/developer/toolchains/gnu_arm/7.2_2017q4/bin/../lib/gcc/arm-none-eabi/7.2.1/../../../../arm-none-eabi/lib/thumb/v7-m\libc_nano.a(lib_a-nano-freer.o)
                0x00009064                _free_r
 .text._malloc_r
                0x000090fc       0xb4 c:/siliconlabs/simplicitystudio/v4/developer/toolchains/gnu_arm/7.2_2017q4/bin/../lib/gcc/arm-none-eabi/7.2.1/../../../../arm-none-eabi/lib/thumb/v7-m\libc_nano.a(lib_a-nano-mallocr.o)
                0x000090fc                _malloc_r
 .text._sbrk_r  0x000091b0       0x20 c:/siliconlabs/simplicitystudio/v4/developer/toolchains/gnu_arm/7.2_2017q4/bin/../lib/gcc/arm-none-eabi/7.2.1/../../../../arm-none-eabi/lib/thumb/v7-m\libc_nano.a(lib_a-sbrkr.o)
                0x000091b0                _sbrk_r
 .text.__sread  0x000091d0       0x22 c:/siliconlabs/simplicitystudio/v4/developer/toolchains/gnu_arm/7.2_2017q4/bin/../lib/gcc/arm-none-eabi/7.2.1/../../../../arm-none-eabi/lib/thumb/v7-m\libc_nano.a(lib_a-stdio.o)
                0x000091d0                __sread
 .text.__swrite
                0x000091f2       0x38 c:/siliconlabs/simplicitystudio/v4/developer/toolchains/gnu_arm/7.2_2017q4/bin/../lib/gcc/arm-none-eabi/7.2.1/../../../../arm-none-eabi/lib/thumb/v7-m\libc_nano.a(lib_a-stdio.o)
                0x000091f2                __swrite
 .text.__sseek  0x0000922a       0x24 c:/siliconlabs/simplicitystudio/v4/developer/toolchains/gnu_arm/7.2_2017q4/bin/../lib/gcc/arm-none-eabi/7.2.1/../../../../arm-none-eabi/lib/thumb/v7-m\libc_nano.a(lib_a-stdio.o)
                0x0000922a                __sseek
 .text.__sclose
                0x0000924e        0x8 c:/siliconlabs/simplicitystudio/v4/developer/toolchains/gnu_arm/7.2_2017q4/bin/../lib/gcc/arm-none-eabi/7.2.1/../../../../arm-none-eabi/lib/thumb/v7-m\libc_nano.a(lib_a-stdio.o)
                0x0000924e                __sclose
 *fill*         0x00009256        0x2 
 .text._write_r
                0x00009258       0x24 c:/siliconlabs/simplicitystudio/v4/developer/toolchains/gnu_arm/7.2_2017q4/bin/../lib/gcc/arm-none-eabi/7.2.1/../../../../arm-none-eabi/lib/thumb/v7-m\libc_nano.a(lib_a-writer.o)
                0x00009258                _write_r
 .text._close_r
                0x0000927c       0x20 c:/siliconlabs/simplicitystudio/v4/developer/toolchains/gnu_arm/7.2_2017q4/bin/../lib/gcc/arm-none-eabi/7.2.1/../../../../arm-none-eabi/lib/thumb/v7-m\libc_nano.a(lib_a-closer.o)
                0x0000927c                _close_r
 .text._fstat_r
                0x0000929c       0x24 c:/siliconlabs/simplicitystudio/v4/developer/toolchains/gnu_arm/7.2_2017q4/bin/../lib/gcc/arm-none-eabi/7.2.1/../../../../arm-none-eabi/lib/thumb/v7-m\libc_nano.a(lib_a-fstatr.o)
                0x0000929c                _fstat_r
 .text._lseek_r
                0x000092c0       0x24 c:/siliconlabs/simplicitystudio/v4/developer/toolchains/gnu_arm/7.2_2017q4/bin/../lib/gcc/arm-none-eabi/7.2.1/../../../../arm-none-eabi/lib/thumb/v7-m\libc_nano.a(lib_a-lseekr.o)
                0x000092c0                _lseek_r
 .text.__malloc_lock
                0x000092e4        0x2 c:/siliconlabs/simplicitystudio/v4/developer/toolchains/gnu_arm/7.2_2017q4/bin/../lib/gcc/arm-none-eabi/7.2.1/../../../../arm-none-eabi/lib/thumb/v7-m\libc_nano.a(lib_a-mlock.o)
                0x000092e4                __malloc_lock
 .text.__malloc_unlock
                0x000092e6        0x2 c:/siliconlabs/simplicitystudio/v4/developer/toolchains/gnu_arm/7.2_2017q4/bin/../lib/gcc/arm-none-eabi/7.2.1/../../../../arm-none-eabi/lib/thumb/v7-m\libc_nano.a(lib_a-mlock.o)
                0x000092e6                __malloc_unlock
 .text._read_r  0x000092e8       0x24 c:/siliconlabs/simplicitystudio/v4/developer/toolchains/gnu_arm/7.2_2017q4/bin/../lib/gcc/arm-none-eabi/7.2.1/../../../../arm-none-eabi/lib/thumb/v7-m\libc_nano.a(lib_a-readr.o)
                0x000092e8                _read_r
 .text._close   0x0000930c       0x10 c:/siliconlabs/simplicitystudio/v4/developer/toolchains/gnu_arm/7.2_2017q4/bin/../lib/gcc/arm-none-eabi/7.2.1/../../../../arm-none-eabi/lib/thumb/v7-m\libnosys.a(close.o)
                0x0000930c                _close
 .text._fstat   0x0000931c       0x10 c:/siliconlabs/simplicitystudio/v4/developer/toolchains/gnu_arm/7.2_2017q4/bin/../lib/gcc/arm-none-eabi/7.2.1/../../../../arm-none-eabi/lib/thumb/v7-m\libnosys.a(fstat.o)
                0x0000931c                _fstat
 .text._lseek   0x0000932c       0x10 c:/siliconlabs/simplicitystudio/v4/developer/toolchains/gnu_arm/7.2_2017q4/bin/../lib/gcc/arm-none-eabi/7.2.1/../../../../arm-none-eabi/lib/thumb/v7-m\libnosys.a(lseek.o)
                0x0000932c                _lseek
 .text._read    0x0000933c       0x10 c:/siliconlabs/simplicitystudio/v4/developer/toolchains/gnu_arm/7.2_2017q4/bin/../lib/gcc/arm-none-eabi/7.2.1/../../../../arm-none-eabi/lib/thumb/v7-m\libnosys.a(read.o)
                0x0000933c                _read
 .text._sbrk    0x0000934c       0x1c c:/siliconlabs/simplicitystudio/v4/developer/toolchains/gnu_arm/7.2_2017q4/bin/../lib/gcc/arm-none-eabi/7.2.1/../../../../arm-none-eabi/lib/thumb/v7-m\libnosys.a(sbrk.o)
                0x0000934c                _sbrk
 .text._write   0x00009368       0x10 c:/siliconlabs/simplicitystudio/v4/developer/toolchains/gnu_arm/7.2_2017q4/bin/../lib/gcc/arm-none-eabi/7.2.1/../../../../arm-none-eabi/lib/thumb/v7-m\libnosys.a(write.o)
                0x00009368                _write
 .text._exit    0x00009378        0x4 c:/siliconlabs/simplicitystudio/v4/developer/toolchains/gnu_arm/7.2_2017q4/bin/../lib/gcc/arm-none-eabi/7.2.1/../../../../arm-none-eabi/lib/thumb/v7-m\libnosys.a(_exit.o)
                0x00009378                _exit
 *(.init)
 .init          0x0000937c        0x4 c:/siliconlabs/simplicitystudio/v4/developer/toolchains/gnu_arm/7.2_2017q4/bin/../lib/gcc/arm-none-eabi/7.2.1/thumb/v7-m/crti.o
                0x0000937c                _init
 .init          0x00009380        0x8 c:/siliconlabs/simplicitystudio/v4/developer/toolchains/gnu_arm/7.2_2017q4/bin/../lib/gcc/arm-none-eabi/7.2.1/thumb/v7-m/crtn.o
 *(.fini)
 .fini          0x00009388        0x4 c:/siliconlabs/simplicitystudio/v4/developer/toolchains/gnu_arm/7.2_2017q4/bin/../lib/gcc/arm-none-eabi/7.2.1/thumb/v7-m/crti.o
                0x00009388                _fini
 .fini          0x0000938c        0x8 c:/siliconlabs/simplicitystudio/v4/developer/toolchains/gnu_arm/7.2_2017q4/bin/../lib/gcc/arm-none-eabi/7.2.1/thumb/v7-m/crtn.o
 *crtbegin.o(.ctors)
 *crtbegin?.o(.ctors)
 *(EXCLUDE_FILE(*crtend.o *crtend?.o) .ctors)
 *(SORT_BY_NAME(.ctors.*))
 *(.ctors)
 *crtbegin.o(.dtors)
 *crtbegin?.o(.dtors)
 *(EXCLUDE_FILE(*crtend.o *crtend?.o) .dtors)
 *(SORT_BY_NAME(.dtors.*))
 *(.dtors)
 *(.rodata*)
 .rodata.HIDKBD_ReportDescriptor
                0x00009394       0x2e ./Drivers/hidkbd.o
                0x00009394                HIDKBD_ReportDescriptor
 *fill*         0x000093c2        0x2 
 .rodata.EFM_Display
                0x000093c4      0x1fe ./Drivers/segmentlcd.o
 *fill*         0x000095c2        0x2 
 .rodata.Segment_Alphabet
                0x000095c4       0xb8 ./Drivers/segmentlcd.o
 .rodata.Segment_Numbers
                0x0000967c       0x22 ./Drivers/segmentlcd.o
 *fill*         0x0000969e        0x2 
 .rodata.lcdInit
                0x000096a0       0x14 ./Drivers/segmentlcd.o
 .rodata        0x000096b4       0x12 ./emlib/em_adc.o
 *fill*         0x000096c6        0x2 
 .rodata        0x000096c8      0x12f ./emlib/em_cmu.o
 *fill*         0x000097f7        0x1 
 .rodata        0x000097f8       0xc8 ./emlib/em_gpio.o
 .rodata        0x000098c0       0x63 ./emlib/em_lcd.o
 *fill*         0x00009923        0x1 
 .rodata        0x00009924       0x15 ./emlib/em_leuart.o
 *fill*         0x00009939        0x3 
 .rodata        0x0000993c       0x66 ./emlib/em_system.o
 *fill*         0x000099a2        0x2 
 .rodata        0x000099a4       0xcd ./emlib/em_timer.o
 *fill*         0x00009a71        0x3 
 .rodata        0x00009a74       0x73 ./emusb/em_usbd.o
 *fill*         0x00009ae7        0x1 
 .rodata        0x00009ae8       0x15 ./emusb/em_usbdep.o
 *fill*         0x00009afd        0x3 
 .rodata        0x00009b00       0x65 ./emusb/em_usbtimer.o
 *fill*         0x00009b65        0x3 
 .rodata.USBDESC_deviceDesc
                0x00009b68       0x12 ./src/descriptors.o
                0x00009b68                USBDESC_deviceDesc
 *fill*         0x00009b7a        0x2 
 .rodata.USBDESC_configDesc
                0x00009b7c       0x22 ./src/descriptors.o
                0x00009b7c                USBDESC_configDesc
 *fill*         0x00009b9e        0x2 
 .rodata.langID
                0x00009ba0        0x4 ./src/descriptors.o
 .rodata.iManufacturer
                0x00009ba4       0x36 ./src/descriptors.o
 *fill*         0x00009bda        0x2 
 .rodata.iProduct
                0x00009bdc       0x30 ./src/descriptors.o
 .rodata.iSerialNumber
                0x00009c0c       0x1c ./src/descriptors.o
 .rodata.USBDESC_strings
                0x00009c28       0x10 ./src/descriptors.o
                0x00009c28                USBDESC_strings
 .rodata.USBDESC_bufferingMultiplier
                0x00009c38        0x2 ./src/descriptors.o
                0x00009c38                USBDESC_bufferingMultiplier
 *fill*         0x00009c3a        0x2 
 .rodata.USBDESC_noKeyReport
                0x00009c3c        0x6 ./src/descriptors.o
                0x00009c3c                USBDESC_noKeyReport
 *fill*         0x00009c42        0x2 
 .rodata.USBDESC_reportTable
                0x00009c44       0x72 ./src/descriptors.o
                0x00009c44                USBDESC_reportTable
 *fill*         0x00009cb6        0x2 
 .rodata        0x00009cb8       0xda ./src/main.o
 *fill*         0x00009d92        0x2 
 .rodata.callbacks
                0x00009d94       0x14 ./src/main.o
 .rodata.usbInitStruct
                0x00009da8       0x1c ./src/main.o
 .rodata        0x00009dc4       0x10 ./src/retargetvirtual.o
 .rodata._global_impure_ptr
                0x00009dd4        0x4 c:/siliconlabs/simplicitystudio/v4/developer/toolchains/gnu_arm/7.2_2017q4/bin/../lib/gcc/arm-none-eabi/7.2.1/../../../../arm-none-eabi/lib/thumb/v7-m\libc_nano.a(lib_a-impure.o)
                0x00009dd4                _global_impure_ptr
 .rodata.__sf_fake_stderr
                0x00009dd8       0x20 c:/siliconlabs/simplicitystudio/v4/developer/toolchains/gnu_arm/7.2_2017q4/bin/../lib/gcc/arm-none-eabi/7.2.1/../../../../arm-none-eabi/lib/thumb/v7-m\libc_nano.a(lib_a-findfp.o)
                0x00009dd8                __sf_fake_stderr
 .rodata.__sf_fake_stdin
                0x00009df8       0x20 c:/siliconlabs/simplicitystudio/v4/developer/toolchains/gnu_arm/7.2_2017q4/bin/../lib/gcc/arm-none-eabi/7.2.1/../../../../arm-none-eabi/lib/thumb/v7-m\libc_nano.a(lib_a-findfp.o)
                0x00009df8                __sf_fake_stdin
 .rodata.__sf_fake_stdout
                0x00009e18       0x20 c:/siliconlabs/simplicitystudio/v4/developer/toolchains/gnu_arm/7.2_2017q4/bin/../lib/gcc/arm-none-eabi/7.2.1/../../../../arm-none-eabi/lib/thumb/v7-m\libc_nano.a(lib_a-findfp.o)
                0x00009e18                __sf_fake_stdout
 *(.eh_frame*)
 .eh_frame      0x00009e38        0x0 c:/siliconlabs/simplicitystudio/v4/developer/toolchains/gnu_arm/7.2_2017q4/bin/../lib/gcc/arm-none-eabi/7.2.1/thumb/v7-m/crtbegin.o
 .eh_frame      0x00009e38        0x4 c:/siliconlabs/simplicitystudio/v4/developer/toolchains/gnu_arm/7.2_2017q4/bin/../lib/gcc/arm-none-eabi/7.2.1/thumb/v7-m/crtend.o

.glue_7         0x00009e3c        0x0
 .glue_7        0x00009e3c        0x0 linker stubs

.glue_7t        0x00009e3c        0x0
 .glue_7t       0x00009e3c        0x0 linker stubs

.vfp11_veneer   0x00009e3c        0x0
 .vfp11_veneer  0x00009e3c        0x0 linker stubs

.v4_bx          0x00009e3c        0x0
 .v4_bx         0x00009e3c        0x0 linker stubs

.iplt           0x00009e3c        0x0
 .iplt          0x00009e3c        0x0 c:/siliconlabs/simplicitystudio/v4/developer/toolchains/gnu_arm/7.2_2017q4/bin/../lib/gcc/arm-none-eabi/7.2.1/thumb/v7-m/crtbegin.o

.ARM.extab
 *(.ARM.extab* .gnu.linkonce.armextab.*)
                0x00009e3c                __exidx_start = .

.ARM.exidx      0x00009e3c        0x8
 *(.ARM.exidx* .gnu.linkonce.armexidx.*)
 .ARM.exidx     0x00009e3c        0x8 c:/siliconlabs/simplicitystudio/v4/developer/toolchains/gnu_arm/7.2_2017q4/bin/../lib/gcc/arm-none-eabi/7.2.1/../../../../arm-none-eabi/lib/thumb/v7-m/crt0.o
                0x00009e44                __exidx_end = .
                0x00009e44                __etext = .

.rel.dyn        0x00009e44        0x0
 .rel.iplt      0x00009e44        0x0 c:/siliconlabs/simplicitystudio/v4/developer/toolchains/gnu_arm/7.2_2017q4/bin/../lib/gcc/arm-none-eabi/7.2.1/thumb/v7-m/crtbegin.o

.data           0x20000000       0x80 load address 0x00009e44
                0x20000000                __data_start__ = .
 *(vtable)
 *(.data*)
 .data.SystemHFXOClock
                0x20000000        0x4 ./CMSIS/EFM32GG/system_efm32gg.o
 .data.SystemLFXOClock
                0x20000004        0x4 ./CMSIS/EFM32GG/system_efm32gg.o
 .data.SystemCoreClock
                0x20000008        0x4 ./CMSIS/EFM32GG/system_efm32gg.o
                0x20000008                SystemCoreClock
 .data.dev      0x2000000c        0x4 ./emusb/em_usbd.o
                0x2000000c                dev
 .data.USBDESC_HidDescriptor
                0x20000010        0x4 ./src/descriptors.o
                0x20000010                USBDESC_HidDescriptor
 .data._impure_ptr
                0x20000014        0x4 c:/siliconlabs/simplicitystudio/v4/developer/toolchains/gnu_arm/7.2_2017q4/bin/../lib/gcc/arm-none-eabi/7.2.1/../../../../arm-none-eabi/lib/thumb/v7-m\libc_nano.a(lib_a-impure.o)
                0x20000014                _impure_ptr
 .data.impure_data
                0x20000018       0x60 c:/siliconlabs/simplicitystudio/v4/developer/toolchains/gnu_arm/7.2_2017q4/bin/../lib/gcc/arm-none-eabi/7.2.1/../../../../arm-none-eabi/lib/thumb/v7-m\libc_nano.a(lib_a-impure.o)
                0x20000078                . = ALIGN (0x4)
                [!provide]                PROVIDE (__ram_func_section_start, .)
 *(.ram)
                [!provide]                PROVIDE (__ram_func_section_end, .)
                0x20000078                . = ALIGN (0x4)
                0x20000078                PROVIDE (__preinit_array_start, .)
 *(.preinit_array)
                0x20000078                PROVIDE (__preinit_array_end, .)
                0x20000078                . = ALIGN (0x4)
                0x20000078                PROVIDE (__init_array_start, .)
 *(SORT_BY_NAME(.init_array.*))
 *(.init_array)
 .init_array    0x20000078        0x4 c:/siliconlabs/simplicitystudio/v4/developer/toolchains/gnu_arm/7.2_2017q4/bin/../lib/gcc/arm-none-eabi/7.2.1/thumb/v7-m/crtbegin.o
                0x2000007c                PROVIDE (__init_array_end, .)
                0x2000007c                . = ALIGN (0x4)
                [!provide]                PROVIDE (__fini_array_start, .)
 *(SORT_BY_NAME(.fini_array.*))
 *(.fini_array)
 .fini_array    0x2000007c        0x4 c:/siliconlabs/simplicitystudio/v4/developer/toolchains/gnu_arm/7.2_2017q4/bin/../lib/gcc/arm-none-eabi/7.2.1/thumb/v7-m/crtbegin.o
                [!provide]                PROVIDE (__fini_array_end, .)
 *(.jcr*)
                0x20000080                . = ALIGN (0x4)
                0x20000080                __data_end__ = .

.igot.plt       0x20000080        0x0 load address 0x00009ec4
 .igot.plt      0x20000080        0x0 c:/siliconlabs/simplicitystudio/v4/developer/toolchains/gnu_arm/7.2_2017q4/bin/../lib/gcc/arm-none-eabi/7.2.1/thumb/v7-m/crtbegin.o

.bss            0x20000080      0x298 load address 0x00009ec4
                0x20000080                . = ALIGN (0x4)
                0x20000080                __bss_start__ = .
 *(.bss*)
 .bss           0x20000080       0x1c c:/siliconlabs/simplicitystudio/v4/developer/toolchains/gnu_arm/7.2_2017q4/bin/../lib/gcc/arm-none-eabi/7.2.1/thumb/v7-m/crtbegin.o
 .bss.tmpBuffer
                0x2000009c        0x4 ./Drivers/hidkbd.o
 .bss.idleRate  0x200000a0        0x1 ./Drivers/hidkbd.o
 *fill*         0x200000a1        0x3 
 .bss.hidDescriptor
                0x200000a4        0x4 ./Drivers/hidkbd.o
 .bss.setReportFunc
                0x200000a8        0x4 ./Drivers/hidkbd.o
 .bss.lastSentReport
                0x200000ac        0x6 ./Drivers/hidkbd.o
 *fill*         0x200000b2        0x2 
 .bss.lastKnownReport
                0x200000b4        0x6 ./Drivers/hidkbd.o
 *fill*         0x200000ba        0x2 
 .bss.hidDesc.5652
                0x200000bc        0xc ./Drivers/hidkbd.o
 .bss.device    0x200000c8       0xa8 ./emusb/em_usbd.o
 .bss.txBuf     0x20000170        0x4 ./emusb/em_usbdch9.o
 .bss.callback.5868
                0x20000174        0x4 ./emusb/em_usbdep.o
 .bss.statusIn.5866
                0x20000178        0x1 ./emusb/em_usbdep.o
 *fill*         0x20000179        0x3 
 .bss.xferred.5867
                0x2000017c        0x4 ./emusb/em_usbdep.o
 .bss.USBD_poweredDown
                0x20000180        0x1 ./emusb/em_usbdint.o
                0x20000180                USBD_poweredDown
 *fill*         0x20000181        0x3 
 .bss.x_USB_GINTMSK
                0x20000184        0x4 ./emusb/em_usbdint.o
 .bss.x_USB_GOTGCTL
                0x20000188        0x4 ./emusb/em_usbdint.o
 .bss.x_USB_GAHBCFG
                0x2000018c        0x4 ./emusb/em_usbdint.o
 .bss.x_USB_GUSBCFG
                0x20000190        0x4 ./emusb/em_usbdint.o
 .bss.x_USB_GRXFSIZ
                0x20000194        0x4 ./emusb/em_usbdint.o
 .bss.x_USB_GNPTXFSIZ
                0x20000198        0x4 ./emusb/em_usbdint.o
 .bss.x_USB_DCFG
                0x2000019c        0x4 ./emusb/em_usbdint.o
 .bss.x_USB_DCTL
                0x200001a0        0x4 ./emusb/em_usbdint.o
 .bss.x_USB_DAINTMSK
                0x200001a4        0x4 ./emusb/em_usbdint.o
 .bss.x_USB_DIEPMSK
                0x200001a8        0x4 ./emusb/em_usbdint.o
 .bss.x_USB_DOEPMSK
                0x200001ac        0x4 ./emusb/em_usbdint.o
 .bss.x_USB_PCGCCTL
                0x200001b0        0x4 ./emusb/em_usbdint.o
 .bss.x_USB_EP_CTL
                0x200001b4        0x4 ./emusb/em_usbdint.o
 .bss.x_USB_EP_TSIZ
                0x200001b8        0x4 ./emusb/em_usbdint.o
 .bss.x_USB_EP_DMAADDR
                0x200001bc        0x4 ./emusb/em_usbdint.o
 .bss.x_USB_DIEPTXFS
                0x200001c0        0x4 ./emusb/em_usbdint.o
 .bss.cmuStatus
                0x200001c4        0x4 ./emusb/em_usbdint.o
 .bss.timers    0x200001c8       0x20 ./emusb/em_usbtimer.o
 .bss.head      0x200001e8        0x4 ./emusb/em_usbtimer.o
 .bss.ticksPrMs
                0x200001ec        0x4 ./emusb/em_usbtimer.o
 .bss.ticksPr1us
                0x200001f0        0x4 ./emusb/em_usbtimer.o
 .bss.ticksPr10us
                0x200001f4        0x4 ./emusb/em_usbtimer.o
 .bss.ticksPr100us
                0x200001f8        0x4 ./emusb/em_usbtimer.o
 .bss.keySeqNo  0x200001fc        0x4 ./src/main.o
 .bss.keyPushed
                0x20000200        0x1 ./src/main.o
 *fill*         0x20000201        0x3 
 .bss.rxReadIndex
                0x20000204        0x4 ./src/retargetvirtual.o
 .bss.rxWriteIndex
                0x20000208        0x4 ./src/retargetvirtual.o
 .bss.rxCount   0x2000020c        0x4 ./src/retargetvirtual.o
 .bss.rxBuffer  0x20000210        0x8 ./src/retargetvirtual.o
 .bss.LFtoCRLF  0x20000218        0x1 ./src/retargetvirtual.o
 .bss.initialized
                0x20000219        0x1 ./src/retargetvirtual.o
 *fill*         0x2000021a        0x2 
 .bss.__malloc_free_list
                0x2000021c        0x4 c:/siliconlabs/simplicitystudio/v4/developer/toolchains/gnu_arm/7.2_2017q4/bin/../lib/gcc/arm-none-eabi/7.2.1/../../../../arm-none-eabi/lib/thumb/v7-m\libc_nano.a(lib_a-nano-mallocr.o)
                0x2000021c                __malloc_free_list
 .bss.__malloc_sbrk_start
                0x20000220        0x4 c:/siliconlabs/simplicitystudio/v4/developer/toolchains/gnu_arm/7.2_2017q4/bin/../lib/gcc/arm-none-eabi/7.2.1/../../../../arm-none-eabi/lib/thumb/v7-m\libc_nano.a(lib_a-nano-mallocr.o)
                0x20000220                __malloc_sbrk_start
 .bss.heap_end.4102
                0x20000224        0x4 c:/siliconlabs/simplicitystudio/v4/developer/toolchains/gnu_arm/7.2_2017q4/bin/../lib/gcc/arm-none-eabi/7.2.1/../../../../arm-none-eabi/lib/thumb/v7-m\libnosys.a(sbrk.o)
 *(COMMON)
 COMMON         0x20000228       0x68 ./Drivers/hidkbd.o
                0x20000228                queue
 COMMON         0x20000290       0x84 ./src/lcd.o
                0x20000290                bluetooth
                0x20000310                msTicks
 COMMON         0x20000314        0x4 c:/siliconlabs/simplicitystudio/v4/developer/toolchains/gnu_arm/7.2_2017q4/bin/../lib/gcc/arm-none-eabi/7.2.1/../../../../arm-none-eabi/lib/thumb/v7-m\libc_nano.a(lib_a-reent.o)
                0x20000314                errno
                0x20000318                . = ALIGN (0x4)
                0x20000318                __bss_end__ = .

.heap           0x20000318      0xc00
                0x20000318                __HeapBase = .
                0x20000318                __end__ = .
                0x20000318                end = __end__
                0x20000318                _end = __end__
 *(.heap*)
 .heap          0x20000318      0xc00 ./CMSIS/EFM32GG/startup_efm32gg.o
                0x20000f18                __HeapLimit = .

.stack_dummy    0x20000318      0x400
 *(.stack*)
 .stack         0x20000318      0x400 ./CMSIS/EFM32GG/startup_efm32gg.o
                0x20020000                __StackTop = (ORIGIN (RAM) + LENGTH (RAM))
                0x2001fc00                __StackLimit = (__StackTop - SIZEOF (.stack_dummy))
                0x20020000                PROVIDE (__stack, __StackTop)
                0x00000001                ASSERT ((__StackLimit >= __HeapLimit), region RAM overflowed with stack)
                0x00000001                ASSERT ((LENGTH (FLASH) >= (__etext + SIZEOF (.data))), FLASH memory overflowed !)
OUTPUT(STK3700_usbdhidjoystick.axf elf32-littlearm)

.ARM.attributes
                0x00000000       0x29
 .ARM.attributes
                0x00000000       0x1d c:/siliconlabs/simplicitystudio/v4/developer/toolchains/gnu_arm/7.2_2017q4/bin/../lib/gcc/arm-none-eabi/7.2.1/thumb/v7-m/crti.o
 .ARM.attributes
                0x0000001d       0x2d c:/siliconlabs/simplicitystudio/v4/developer/toolchains/gnu_arm/7.2_2017q4/bin/../lib/gcc/arm-none-eabi/7.2.1/thumb/v7-m/crtbegin.o
 .ARM.attributes
                0x0000004a       0x1b c:/siliconlabs/simplicitystudio/v4/developer/toolchains/gnu_arm/7.2_2017q4/bin/../lib/gcc/arm-none-eabi/7.2.1/../../../../arm-none-eabi/lib/thumb/v7-m/crt0.o
 .ARM.attributes
                0x00000065       0x33 ./BSP/bsp_trace.o
 .ARM.attributes
                0x00000098       0x1b ./CMSIS/EFM32GG/startup_efm32gg.o
 .ARM.attributes
                0x000000b3       0x33 ./CMSIS/EFM32GG/system_efm32gg.o
 .ARM.attributes
                0x000000e6       0x33 ./Drivers/hidkbd.o
 .ARM.attributes
                0x00000119       0x33 ./Drivers/segmentlcd.o
 .ARM.attributes
                0x0000014c       0x33 ./emlib/em_adc.o
 .ARM.attributes
                0x0000017f       0x33 ./emlib/em_cmu.o
 .ARM.attributes
                0x000001b2       0x33 ./emlib/em_core.o
 .ARM.attributes
                0x000001e5       0x33 ./emlib/em_gpio.o
 .ARM.attributes
                0x00000218       0x33 ./emlib/em_lcd.o
 .ARM.attributes
                0x0000024b       0x33 ./emlib/em_leuart.o
 .ARM.attributes
                0x0000027e       0x33 ./emlib/em_system.o
 .ARM.attributes
                0x000002b1       0x33 ./emlib/em_timer.o
 .ARM.attributes
                0x000002e4       0x33 ./emusb/em_usbd.o
 .ARM.attributes
                0x00000317       0x33 ./emusb/em_usbdch9.o
 .ARM.attributes
                0x0000034a       0x33 ./emusb/em_usbdep.o
 .ARM.attributes
                0x0000037d       0x33 ./emusb/em_usbdint.o
 .ARM.attributes
                0x000003b0       0x33 ./emusb/em_usbhal.o
 .ARM.attributes
                0x000003e3       0x33 ./emusb/em_usbtimer.o
 .ARM.attributes
                0x00000416       0x33 ./src/descriptors.o
 .ARM.attributes
                0x00000449       0x33 ./src/lcd.o
 .ARM.attributes
                0x0000047c       0x33 ./src/main.o
 .ARM.attributes
                0x000004af       0x33 ./src/retargetvirtual.o
 .ARM.attributes
                0x000004e2       0x1d c:/siliconlabs/simplicitystudio/v4/developer/toolchains/gnu_arm/7.2_2017q4/bin/../lib/gcc/arm-none-eabi/7.2.1/thumb/v7-m\libgcc.a(_arm_addsubdf3.o)
 .ARM.attributes
                0x000004ff       0x1d c:/siliconlabs/simplicitystudio/v4/developer/toolchains/gnu_arm/7.2_2017q4/bin/../lib/gcc/arm-none-eabi/7.2.1/thumb/v7-m\libgcc.a(_arm_addsubsf3.o)
 .ARM.attributes
                0x0000051c       0x1d c:/siliconlabs/simplicitystudio/v4/developer/toolchains/gnu_arm/7.2_2017q4/bin/../lib/gcc/arm-none-eabi/7.2.1/thumb/v7-m\libgcc.a(_arm_muldivsf3.o)
 .ARM.attributes
                0x00000539       0x1d c:/siliconlabs/simplicitystudio/v4/developer/toolchains/gnu_arm/7.2_2017q4/bin/../lib/gcc/arm-none-eabi/7.2.1/thumb/v7-m\libgcc.a(_arm_cmpsf2.o)
 .ARM.attributes
                0x00000556       0x1d c:/siliconlabs/simplicitystudio/v4/developer/toolchains/gnu_arm/7.2_2017q4/bin/../lib/gcc/arm-none-eabi/7.2.1/thumb/v7-m\libgcc.a(_arm_fixsfsi.o)
 .ARM.attributes
                0x00000573       0x2d c:/siliconlabs/simplicitystudio/v4/developer/toolchains/gnu_arm/7.2_2017q4/bin/../lib/gcc/arm-none-eabi/7.2.1/../../../../arm-none-eabi/lib/thumb/v7-m\libc_nano.a(lib_a-abs.o)
 .ARM.attributes
                0x000005a0       0x2d c:/siliconlabs/simplicitystudio/v4/developer/toolchains/gnu_arm/7.2_2017q4/bin/../lib/gcc/arm-none-eabi/7.2.1/../../../../arm-none-eabi/lib/thumb/v7-m\libc_nano.a(lib_a-exit.o)
 .ARM.attributes
                0x000005cd       0x2d c:/siliconlabs/simplicitystudio/v4/developer/toolchains/gnu_arm/7.2_2017q4/bin/../lib/gcc/arm-none-eabi/7.2.1/../../../../arm-none-eabi/lib/thumb/v7-m\libc_nano.a(lib_a-impure.o)
 .ARM.attributes
                0x000005fa       0x2d c:/siliconlabs/simplicitystudio/v4/developer/toolchains/gnu_arm/7.2_2017q4/bin/../lib/gcc/arm-none-eabi/7.2.1/../../../../arm-none-eabi/lib/thumb/v7-m\libc_nano.a(lib_a-init.o)
 .ARM.attributes
                0x00000627       0x2d c:/siliconlabs/simplicitystudio/v4/developer/toolchains/gnu_arm/7.2_2017q4/bin/../lib/gcc/arm-none-eabi/7.2.1/../../../../arm-none-eabi/lib/thumb/v7-m\libc_nano.a(lib_a-memcpy-stub.o)
 .ARM.attributes
                0x00000654       0x2d c:/siliconlabs/simplicitystudio/v4/developer/toolchains/gnu_arm/7.2_2017q4/bin/../lib/gcc/arm-none-eabi/7.2.1/../../../../arm-none-eabi/lib/thumb/v7-m\libc_nano.a(lib_a-memset.o)
 .ARM.attributes
                0x00000681       0x2d c:/siliconlabs/simplicitystudio/v4/developer/toolchains/gnu_arm/7.2_2017q4/bin/../lib/gcc/arm-none-eabi/7.2.1/../../../../arm-none-eabi/lib/thumb/v7-m\libc_nano.a(lib_a-setvbuf.o)
 .ARM.attributes
                0x000006ae       0x17 c:/siliconlabs/simplicitystudio/v4/developer/toolchains/gnu_arm/7.2_2017q4/bin/../lib/gcc/arm-none-eabi/7.2.1/../../../../arm-none-eabi/lib/thumb/v7-m\libc_nano.a(lib_a-strlen.o)
 .ARM.attributes
                0x000006c5       0x2d c:/siliconlabs/simplicitystudio/v4/developer/toolchains/gnu_arm/7.2_2017q4/bin/../lib/gcc/arm-none-eabi/7.2.1/../../../../arm-none-eabi/lib/thumb/v7-m\libc_nano.a(lib_a-fflush.o)
 .ARM.attributes
                0x000006f2       0x2d c:/siliconlabs/simplicitystudio/v4/developer/toolchains/gnu_arm/7.2_2017q4/bin/../lib/gcc/arm-none-eabi/7.2.1/../../../../arm-none-eabi/lib/thumb/v7-m\libc_nano.a(lib_a-findfp.o)
 .ARM.attributes
                0x0000071f       0x2d c:/siliconlabs/simplicitystudio/v4/developer/toolchains/gnu_arm/7.2_2017q4/bin/../lib/gcc/arm-none-eabi/7.2.1/../../../../arm-none-eabi/lib/thumb/v7-m\libc_nano.a(lib_a-fwalk.o)
 .ARM.attributes
                0x0000074c       0x2d c:/siliconlabs/simplicitystudio/v4/developer/toolchains/gnu_arm/7.2_2017q4/bin/../lib/gcc/arm-none-eabi/7.2.1/../../../../arm-none-eabi/lib/thumb/v7-m\libc_nano.a(lib_a-makebuf.o)
 .ARM.attributes
                0x00000779       0x2d c:/siliconlabs/simplicitystudio/v4/developer/toolchains/gnu_arm/7.2_2017q4/bin/../lib/gcc/arm-none-eabi/7.2.1/../../../../arm-none-eabi/lib/thumb/v7-m\libc_nano.a(lib_a-malloc.o)
 .ARM.attributes
                0x000007a6       0x2d c:/siliconlabs/simplicitystudio/v4/developer/toolchains/gnu_arm/7.2_2017q4/bin/../lib/gcc/arm-none-eabi/7.2.1/../../../../arm-none-eabi/lib/thumb/v7-m\libc_nano.a(lib_a-nano-freer.o)
 .ARM.attributes
                0x000007d3       0x2d c:/siliconlabs/simplicitystudio/v4/developer/toolchains/gnu_arm/7.2_2017q4/bin/../lib/gcc/arm-none-eabi/7.2.1/../../../../arm-none-eabi/lib/thumb/v7-m\libc_nano.a(lib_a-nano-mallocr.o)
 .ARM.attributes
                0x00000800       0x2d c:/siliconlabs/simplicitystudio/v4/developer/toolchains/gnu_arm/7.2_2017q4/bin/../lib/gcc/arm-none-eabi/7.2.1/../../../../arm-none-eabi/lib/thumb/v7-m\libc_nano.a(lib_a-sbrkr.o)
 .ARM.attributes
                0x0000082d       0x2d c:/siliconlabs/simplicitystudio/v4/developer/toolchains/gnu_arm/7.2_2017q4/bin/../lib/gcc/arm-none-eabi/7.2.1/../../../../arm-none-eabi/lib/thumb/v7-m\libc_nano.a(lib_a-stdio.o)
 .ARM.attributes
                0x0000085a       0x2d c:/siliconlabs/simplicitystudio/v4/developer/toolchains/gnu_arm/7.2_2017q4/bin/../lib/gcc/arm-none-eabi/7.2.1/../../../../arm-none-eabi/lib/thumb/v7-m\libc_nano.a(lib_a-writer.o)
 .ARM.attributes
                0x00000887       0x2d c:/siliconlabs/simplicitystudio/v4/developer/toolchains/gnu_arm/7.2_2017q4/bin/../lib/gcc/arm-none-eabi/7.2.1/../../../../arm-none-eabi/lib/thumb/v7-m\libc_nano.a(lib_a-closer.o)
 .ARM.attributes
                0x000008b4       0x2d c:/siliconlabs/simplicitystudio/v4/developer/toolchains/gnu_arm/7.2_2017q4/bin/../lib/gcc/arm-none-eabi/7.2.1/../../../../arm-none-eabi/lib/thumb/v7-m\libc_nano.a(lib_a-fstatr.o)
 .ARM.attributes
                0x000008e1       0x2d c:/siliconlabs/simplicitystudio/v4/developer/toolchains/gnu_arm/7.2_2017q4/bin/../lib/gcc/arm-none-eabi/7.2.1/../../../../arm-none-eabi/lib/thumb/v7-m\libc_nano.a(lib_a-lseekr.o)
 .ARM.attributes
                0x0000090e       0x2d c:/siliconlabs/simplicitystudio/v4/developer/toolchains/gnu_arm/7.2_2017q4/bin/../lib/gcc/arm-none-eabi/7.2.1/../../../../arm-none-eabi/lib/thumb/v7-m\libc_nano.a(lib_a-mlock.o)
 .ARM.attributes
                0x0000093b       0x2d c:/siliconlabs/simplicitystudio/v4/developer/toolchains/gnu_arm/7.2_2017q4/bin/../lib/gcc/arm-none-eabi/7.2.1/../../../../arm-none-eabi/lib/thumb/v7-m\libc_nano.a(lib_a-readr.o)
 .ARM.attributes
                0x00000968       0x2d c:/siliconlabs/simplicitystudio/v4/developer/toolchains/gnu_arm/7.2_2017q4/bin/../lib/gcc/arm-none-eabi/7.2.1/../../../../arm-none-eabi/lib/thumb/v7-m\libc_nano.a(lib_a-reent.o)
 .ARM.attributes
                0x00000995       0x2d c:/siliconlabs/simplicitystudio/v4/developer/toolchains/gnu_arm/7.2_2017q4/bin/../lib/gcc/arm-none-eabi/7.2.1/../../../../arm-none-eabi/lib/thumb/v7-m\libnosys.a(close.o)
 .ARM.attributes
                0x000009c2       0x2d c:/siliconlabs/simplicitystudio/v4/developer/toolchains/gnu_arm/7.2_2017q4/bin/../lib/gcc/arm-none-eabi/7.2.1/../../../../arm-none-eabi/lib/thumb/v7-m\libnosys.a(fstat.o)
 .ARM.attributes
                0x000009ef       0x2d c:/siliconlabs/simplicitystudio/v4/developer/toolchains/gnu_arm/7.2_2017q4/bin/../lib/gcc/arm-none-eabi/7.2.1/../../../../arm-none-eabi/lib/thumb/v7-m\libnosys.a(lseek.o)
 .ARM.attributes
                0x00000a1c       0x2d c:/siliconlabs/simplicitystudio/v4/developer/toolchains/gnu_arm/7.2_2017q4/bin/../lib/gcc/arm-none-eabi/7.2.1/../../../../arm-none-eabi/lib/thumb/v7-m\libnosys.a(read.o)
 .ARM.attributes
                0x00000a49       0x2d c:/siliconlabs/simplicitystudio/v4/developer/toolchains/gnu_arm/7.2_2017q4/bin/../lib/gcc/arm-none-eabi/7.2.1/../../../../arm-none-eabi/lib/thumb/v7-m\libnosys.a(sbrk.o)
 .ARM.attributes
                0x00000a76       0x2d c:/siliconlabs/simplicitystudio/v4/developer/toolchains/gnu_arm/7.2_2017q4/bin/../lib/gcc/arm-none-eabi/7.2.1/../../../../arm-none-eabi/lib/thumb/v7-m\libnosys.a(write.o)
 .ARM.attributes
                0x00000aa3       0x2d c:/siliconlabs/simplicitystudio/v4/developer/toolchains/gnu_arm/7.2_2017q4/bin/../lib/gcc/arm-none-eabi/7.2.1/../../../../arm-none-eabi/lib/thumb/v7-m\libnosys.a(_exit.o)
 .ARM.attributes
                0x00000ad0       0x2d c:/siliconlabs/simplicitystudio/v4/developer/toolchains/gnu_arm/7.2_2017q4/bin/../lib/gcc/arm-none-eabi/7.2.1/thumb/v7-m/crtend.o
 .ARM.attributes
                0x00000afd       0x1d c:/siliconlabs/simplicitystudio/v4/developer/toolchains/gnu_arm/7.2_2017q4/bin/../lib/gcc/arm-none-eabi/7.2.1/thumb/v7-m/crtn.o

.comment        0x00000000       0x7e
 .comment       0x00000000       0x7e ./BSP/bsp_trace.o
                                 0x7f (size before relaxing)
 .comment       0x0000007e       0x7f ./CMSIS/EFM32GG/system_efm32gg.o
 .comment       0x0000007e       0x7f ./Drivers/hidkbd.o
 .comment       0x0000007e       0x7f ./Drivers/segmentlcd.o
 .comment       0x0000007e       0x7f ./emlib/em_adc.o
 .comment       0x0000007e       0x7f ./emlib/em_cmu.o
 .comment       0x0000007e       0x7f ./emlib/em_core.o
 .comment       0x0000007e       0x7f ./emlib/em_gpio.o
 .comment       0x0000007e       0x7f ./emlib/em_lcd.o
 .comment       0x0000007e       0x7f ./emlib/em_leuart.o
 .comment       0x0000007e       0x7f ./emlib/em_system.o
 .comment       0x0000007e       0x7f ./emlib/em_timer.o
 .comment       0x0000007e       0x7f ./emusb/em_usbd.o
 .comment       0x0000007e       0x7f ./emusb/em_usbdch9.o
 .comment       0x0000007e       0x7f ./emusb/em_usbdep.o
 .comment       0x0000007e       0x7f ./emusb/em_usbdint.o
 .comment       0x0000007e       0x7f ./emusb/em_usbhal.o
 .comment       0x0000007e       0x7f ./emusb/em_usbtimer.o
 .comment       0x0000007e       0x7f ./src/descriptors.o
 .comment       0x0000007e       0x7f ./src/lcd.o
 .comment       0x0000007e       0x7f ./src/main.o
 .comment       0x0000007e       0x7f ./src/retargetvirtual.o

.debug_info     0x00000000    0x1cedb
 .debug_info    0x00000000      0xcfd ./BSP/bsp_trace.o
 .debug_info    0x00000cfd       0x26 ./CMSIS/EFM32GG/startup_efm32gg.o
 .debug_info    0x00000d23      0x7a7 ./CMSIS/EFM32GG/system_efm32gg.o
 .debug_info    0x000014ca     0x1011 ./Drivers/hidkbd.o
 .debug_info    0x000024db     0x1bfd ./Drivers/segmentlcd.o
 .debug_info    0x000040d8      0xb4d ./emlib/em_adc.o
 .debug_info    0x00004c25     0x1624 ./emlib/em_cmu.o
 .debug_info    0x00006249      0xda0 ./emlib/em_core.o
 .debug_info    0x00006fe9      0x6f4 ./emlib/em_gpio.o
 .debug_info    0x000076dd      0xb0e ./emlib/em_lcd.o
 .debug_info    0x000081eb      0x8e0 ./emlib/em_leuart.o
 .debug_info    0x00008acb      0x2d6 ./emlib/em_system.o
 .debug_info    0x00008da1      0x9e7 ./emlib/em_timer.o
 .debug_info    0x00009788     0x2d24 ./emusb/em_usbd.o
 .debug_info    0x0000c4ac     0x2157 ./emusb/em_usbdch9.o
 .debug_info    0x0000e603     0x1d05 ./emusb/em_usbdep.o
 .debug_info    0x00010308     0x24e3 ./emusb/em_usbdint.o
 .debug_info    0x000127eb     0x241c ./emusb/em_usbhal.o
 .debug_info    0x00014c07     0x18d5 ./emusb/em_usbtimer.o
 .debug_info    0x000164dc      0xe52 ./src/descriptors.o
 .debug_info    0x0001732e     0x1eb6 ./src/lcd.o
 .debug_info    0x000191e4     0x287c ./src/main.o
 .debug_info    0x0001ba60     0x147b ./src/retargetvirtual.o

.debug_abbrev   0x00000000     0x3e92
 .debug_abbrev  0x00000000      0x1c7 ./BSP/bsp_trace.o
 .debug_abbrev  0x000001c7       0x14 ./CMSIS/EFM32GG/startup_efm32gg.o
 .debug_abbrev  0x000001db      0x1eb ./CMSIS/EFM32GG/system_efm32gg.o
 .debug_abbrev  0x000003c6      0x34f ./Drivers/hidkbd.o
 .debug_abbrev  0x00000715      0x2ba ./Drivers/segmentlcd.o
 .debug_abbrev  0x000009cf      0x202 ./emlib/em_adc.o
 .debug_abbrev  0x00000bd1      0x2ed ./emlib/em_cmu.o
 .debug_abbrev  0x00000ebe      0x28f ./emlib/em_core.o
 .debug_abbrev  0x0000114d      0x203 ./emlib/em_gpio.o
 .debug_abbrev  0x00001350      0x24b ./emlib/em_lcd.o
 .debug_abbrev  0x0000159b      0x232 ./emlib/em_leuart.o
 .debug_abbrev  0x000017cd      0x153 ./emlib/em_system.o
 .debug_abbrev  0x00001920      0x234 ./emlib/em_timer.o
 .debug_abbrev  0x00001b54      0x4af ./emusb/em_usbd.o
 .debug_abbrev  0x00002003      0x3a1 ./emusb/em_usbdch9.o
 .debug_abbrev  0x000023a4      0x34c ./emusb/em_usbdep.o
 .debug_abbrev  0x000026f0      0x3ab ./emusb/em_usbdint.o
 .debug_abbrev  0x00002a9b      0x425 ./emusb/em_usbhal.o
 .debug_abbrev  0x00002ec0      0x31b ./emusb/em_usbtimer.o
 .debug_abbrev  0x000031db      0x1a0 ./src/descriptors.o
 .debug_abbrev  0x0000337b      0x3b3 ./src/lcd.o
 .debug_abbrev  0x0000372e      0x418 ./src/main.o
 .debug_abbrev  0x00003b46      0x34c ./src/retargetvirtual.o

.debug_loc      0x00000000     0x7310
 .debug_loc     0x00000000       0x7c ./BSP/bsp_trace.o
 .debug_loc     0x0000007c      0x31c ./CMSIS/EFM32GG/system_efm32gg.o
 .debug_loc     0x00000398      0x328 ./Drivers/hidkbd.o
 .debug_loc     0x000006c0      0x66a ./Drivers/segmentlcd.o
 .debug_loc     0x00000d2a      0x23c ./emlib/em_adc.o
 .debug_loc     0x00000f66      0xde0 ./emlib/em_cmu.o
 .debug_loc     0x00001d46      0x844 ./emlib/em_core.o
 .debug_loc     0x0000258a      0x3e4 ./emlib/em_gpio.o
 .debug_loc     0x0000296e      0x60c ./emlib/em_lcd.o
 .debug_loc     0x00002f7a      0x49c ./emlib/em_leuart.o
 .debug_loc     0x00003416       0xac ./emlib/em_system.o
 .debug_loc     0x000034c2      0x2e8 ./emlib/em_timer.o
 .debug_loc     0x000037aa      0xd02 ./emusb/em_usbd.o
 .debug_loc     0x000044ac      0x644 ./emusb/em_usbdch9.o
 .debug_loc     0x00004af0      0x2bc ./emusb/em_usbdep.o
 .debug_loc     0x00004dac      0x854 ./emusb/em_usbdint.o
 .debug_loc     0x00005600      0x5fc ./emusb/em_usbhal.o
 .debug_loc     0x00005bfc      0x600 ./emusb/em_usbtimer.o
 .debug_loc     0x000061fc      0x580 ./src/lcd.o
 .debug_loc     0x0000677c      0x7bc ./src/main.o
 .debug_loc     0x00006f38      0x3d8 ./src/retargetvirtual.o

.debug_aranges  0x00000000      0xd98
 .debug_aranges
                0x00000000       0x28 ./BSP/bsp_trace.o
 .debug_aranges
                0x00000028       0x20 ./CMSIS/EFM32GG/startup_efm32gg.o
 .debug_aranges
                0x00000048       0x70 ./CMSIS/EFM32GG/system_efm32gg.o
 .debug_aranges
                0x000000b8       0x70 ./Drivers/hidkbd.o
 .debug_aranges
                0x00000128       0xc8 ./Drivers/segmentlcd.o
 .debug_aranges
                0x000001f0       0x50 ./emlib/em_adc.o
 .debug_aranges
                0x00000240      0x180 ./emlib/em_cmu.o
 .debug_aranges
                0x000003c0       0xe8 ./emlib/em_core.o
 .debug_aranges
                0x000004a8       0x78 ./emlib/em_gpio.o
 .debug_aranges
                0x00000520       0xa8 ./emlib/em_lcd.o
 .debug_aranges
                0x000005c8       0x88 ./emlib/em_leuart.o
 .debug_aranges
                0x00000650       0x28 ./emlib/em_system.o
 .debug_aranges
                0x00000678       0x60 ./emlib/em_timer.o
 .debug_aranges
                0x000006d8      0x160 ./emusb/em_usbd.o
 .debug_aranges
                0x00000838       0xb0 ./emusb/em_usbdch9.o
 .debug_aranges
                0x000008e8       0x58 ./emusb/em_usbdep.o
 .debug_aranges
                0x00000940       0xf8 ./emusb/em_usbdint.o
 .debug_aranges
                0x00000a38       0xb0 ./emusb/em_usbhal.o
 .debug_aranges
                0x00000ae8       0xa8 ./emusb/em_usbtimer.o
 .debug_aranges
                0x00000b90       0x18 ./src/descriptors.o
 .debug_aranges
                0x00000ba8       0xa0 ./src/lcd.o
 .debug_aranges
                0x00000c48       0xd8 ./src/main.o
 .debug_aranges
                0x00000d20       0x78 ./src/retargetvirtual.o

.debug_ranges   0x00000000      0xc10
 .debug_ranges  0x00000000       0x18 ./BSP/bsp_trace.o
 .debug_ranges  0x00000018       0x60 ./CMSIS/EFM32GG/system_efm32gg.o
 .debug_ranges  0x00000078       0x60 ./Drivers/hidkbd.o
 .debug_ranges  0x000000d8       0xb8 ./Drivers/segmentlcd.o
 .debug_ranges  0x00000190       0x40 ./emlib/em_adc.o
 .debug_ranges  0x000001d0      0x170 ./emlib/em_cmu.o
 .debug_ranges  0x00000340       0xd8 ./emlib/em_core.o
 .debug_ranges  0x00000418       0x68 ./emlib/em_gpio.o
 .debug_ranges  0x00000480       0x98 ./emlib/em_lcd.o
 .debug_ranges  0x00000518       0x78 ./emlib/em_leuart.o
 .debug_ranges  0x00000590       0x18 ./emlib/em_system.o
 .debug_ranges  0x000005a8       0x50 ./emlib/em_timer.o
 .debug_ranges  0x000005f8      0x150 ./emusb/em_usbd.o
 .debug_ranges  0x00000748       0xa0 ./emusb/em_usbdch9.o
 .debug_ranges  0x000007e8       0x48 ./emusb/em_usbdep.o
 .debug_ranges  0x00000830       0xe8 ./emusb/em_usbdint.o
 .debug_ranges  0x00000918       0xa0 ./emusb/em_usbhal.o
 .debug_ranges  0x000009b8       0x98 ./emusb/em_usbtimer.o
 .debug_ranges  0x00000a50       0x90 ./src/lcd.o
 .debug_ranges  0x00000ae0       0xc8 ./src/main.o
 .debug_ranges  0x00000ba8       0x68 ./src/retargetvirtual.o

.debug_macro    0x00000000    0x294e9
 .debug_macro   0x00000000      0x2fe ./BSP/bsp_trace.o
 .debug_macro   0x000002fe      0xa4e ./BSP/bsp_trace.o
 .debug_macro   0x00000d4c       0x22 ./BSP/bsp_trace.o
 .debug_macro   0x00000d6e      0x39b ./BSP/bsp_trace.o
 .debug_macro   0x00001109       0x22 ./BSP/bsp_trace.o
 .debug_macro   0x0000112b       0x4f ./BSP/bsp_trace.o
 .debug_macro   0x0000117a       0x51 ./BSP/bsp_trace.o
 .debug_macro   0x000011cb       0xef ./BSP/bsp_trace.o
 .debug_macro   0x000012ba       0x6a ./BSP/bsp_trace.o
 .debug_macro   0x00001324      0x1df ./BSP/bsp_trace.o
 .debug_macro   0x00001503       0x1c ./BSP/bsp_trace.o
 .debug_macro   0x0000151f       0x22 ./BSP/bsp_trace.o
 .debug_macro   0x00001541       0xc3 ./BSP/bsp_trace.o
 .debug_macro   0x00001604      0xe18 ./BSP/bsp_trace.o
 .debug_macro   0x0000241c       0xe2 ./BSP/bsp_trace.o
 .debug_macro   0x000024fe     0x2869 ./BSP/bsp_trace.o
 .debug_macro   0x00004d67      0x39e ./BSP/bsp_trace.o
 .debug_macro   0x00005105     0x3f12 ./BSP/bsp_trace.o
 .debug_macro   0x00009017      0x9a4 ./BSP/bsp_trace.o
 .debug_macro   0x000099bb      0x6eb ./BSP/bsp_trace.o
 .debug_macro   0x0000a0a6      0x283 ./BSP/bsp_trace.o
 .debug_macro   0x0000a329     0x1e37 ./BSP/bsp_trace.o
 .debug_macro   0x0000c160     0x30cb ./BSP/bsp_trace.o
 .debug_macro   0x0000f22b      0x37f ./BSP/bsp_trace.o
 .debug_macro   0x0000f5aa      0x855 ./BSP/bsp_trace.o
 .debug_macro   0x0000fdff     0x230f ./BSP/bsp_trace.o
 .debug_macro   0x0001210e     0x1bf6 ./BSP/bsp_trace.o
 .debug_macro   0x00013d04     0x1709 ./BSP/bsp_trace.o
 .debug_macro   0x0001540d      0x6d8 ./BSP/bsp_trace.o
 .debug_macro   0x00015ae5     0x106a ./BSP/bsp_trace.o
 .debug_macro   0x00016b4f     0x1d83 ./BSP/bsp_trace.o
 .debug_macro   0x000188d2      0x33d ./BSP/bsp_trace.o
 .debug_macro   0x00018c0f      0xa66 ./BSP/bsp_trace.o
 .debug_macro   0x00019675      0xfe0 ./BSP/bsp_trace.o
 .debug_macro   0x0001a655      0x894 ./BSP/bsp_trace.o
 .debug_macro   0x0001aee9      0xf85 ./BSP/bsp_trace.o
 .debug_macro   0x0001be6e     0x12a5 ./BSP/bsp_trace.o
 .debug_macro   0x0001d113      0xc4a ./BSP/bsp_trace.o
 .debug_macro   0x0001dd5d      0x74d ./BSP/bsp_trace.o
 .debug_macro   0x0001e4aa      0x1c9 ./BSP/bsp_trace.o
 .debug_macro   0x0001e673     0x1041 ./BSP/bsp_trace.o
 .debug_macro   0x0001f6b4      0x280 ./BSP/bsp_trace.o
 .debug_macro   0x0001f934       0x40 ./BSP/bsp_trace.o
 .debug_macro   0x0001f974      0x250 ./BSP/bsp_trace.o
 .debug_macro   0x0001fbc4      0x1f0 ./BSP/bsp_trace.o
 .debug_macro   0x0001fdb4      0x166 ./BSP/bsp_trace.o
 .debug_macro   0x0001ff1a      0x252 ./BSP/bsp_trace.o
 .debug_macro   0x0002016c     0x1bd7 ./BSP/bsp_trace.o
 .debug_macro   0x00021d43       0x2e ./BSP/bsp_trace.o
 .debug_macro   0x00021d71      0x427 ./BSP/bsp_trace.o
 .debug_macro   0x00022198      0x427 ./BSP/bsp_trace.o
 .debug_macro   0x000225bf       0x10 ./BSP/bsp_trace.o
 .debug_macro   0x000225cf       0xc6 ./BSP/bsp_trace.o
 .debug_macro   0x00022695       0x69 ./BSP/bsp_trace.o
 .debug_macro   0x000226fe      0x33e ./BSP/bsp_trace.o
 .debug_macro   0x00022a3c       0x16 ./BSP/bsp_trace.o
 .debug_macro   0x00022a52       0xb2 ./BSP/bsp_trace.o
 .debug_macro   0x00022b04       0x76 ./BSP/bsp_trace.o
 .debug_macro   0x00022b7a       0xf1 ./BSP/bsp_trace.o
 .debug_macro   0x00022c6b       0x3a ./BSP/bsp_trace.o
 .debug_macro   0x00022ca5      0x28e ./CMSIS/EFM32GG/system_efm32gg.o
 .debug_macro   0x00022f33      0x375 ./Drivers/hidkbd.o
 .debug_macro   0x000232a8       0x63 ./Drivers/hidkbd.o
 .debug_macro   0x0002330b       0x40 ./Drivers/hidkbd.o
 .debug_macro   0x0002334b       0x58 ./Drivers/hidkbd.o
 .debug_macro   0x000233a3       0x17 ./Drivers/hidkbd.o
 .debug_macro   0x000233ba       0x35 ./Drivers/hidkbd.o
 .debug_macro   0x000233ef       0x9c ./Drivers/hidkbd.o
 .debug_macro   0x0002348b      0x16d ./Drivers/hidkbd.o
 .debug_macro   0x000235f8       0x58 ./Drivers/hidkbd.o
 .debug_macro   0x00023650       0x1f ./Drivers/hidkbd.o
 .debug_macro   0x0002366f       0x43 ./Drivers/hidkbd.o
 .debug_macro   0x000236b2       0x20 ./Drivers/hidkbd.o
 .debug_macro   0x000236d2      0x18e ./Drivers/hidkbd.o
 .debug_macro   0x00023860      0x34d ./Drivers/hidkbd.o
 .debug_macro   0x00023bad       0x10 ./Drivers/hidkbd.o
 .debug_macro   0x00023bbd       0x35 ./Drivers/hidkbd.o
 .debug_macro   0x00023bf2      0x49a ./Drivers/hidkbd.o
 .debug_macro   0x0002408c      0x432 ./Drivers/segmentlcd.o
 .debug_macro   0x000244be       0x52 ./Drivers/segmentlcd.o
 .debug_macro   0x00024510       0x55 ./Drivers/segmentlcd.o
 .debug_macro   0x00024565       0x16 ./Drivers/segmentlcd.o
 .debug_macro   0x0002457b       0x57 ./Drivers/segmentlcd.o
 .debug_macro   0x000245d2       0x97 ./Drivers/segmentlcd.o
 .debug_macro   0x00024669      0x353 ./Drivers/segmentlcd.o
 .debug_macro   0x000249bc       0xf6 ./Drivers/segmentlcd.o
 .debug_macro   0x00024ab2       0x10 ./Drivers/segmentlcd.o
 .debug_macro   0x00024ac2       0x10 ./Drivers/segmentlcd.o
 .debug_macro   0x00024ad2       0xb6 ./Drivers/segmentlcd.o
 .debug_macro   0x00024b88       0x16 ./Drivers/segmentlcd.o
 .debug_macro   0x00024b9e      0x129 ./Drivers/segmentlcd.o
 .debug_macro   0x00024cc7       0x16 ./Drivers/segmentlcd.o
 .debug_macro   0x00024cdd       0x16 ./Drivers/segmentlcd.o
 .debug_macro   0x00024cf3       0x22 ./Drivers/segmentlcd.o
 .debug_macro   0x00024d15       0xbd ./Drivers/segmentlcd.o
 .debug_macro   0x00024dd2       0xcc ./Drivers/segmentlcd.o
 .debug_macro   0x00024e9e       0x1d ./Drivers/segmentlcd.o
 .debug_macro   0x00024ebb      0x117 ./Drivers/segmentlcd.o
 .debug_macro   0x00024fd2       0x22 ./Drivers/segmentlcd.o
 .debug_macro   0x00024ff4      0x350 ./emlib/em_adc.o
 .debug_macro   0x00025344       0xac ./emlib/em_adc.o
 .debug_macro   0x000253f0      0x367 ./emlib/em_cmu.o
 .debug_macro   0x00025757       0x25 ./emlib/em_cmu.o
 .debug_macro   0x0002577c       0xee ./emlib/em_cmu.o
 .debug_macro   0x0002586a       0x1f ./emlib/em_cmu.o
 .debug_macro   0x00025889      0x2c0 ./emlib/em_core.o
 .debug_macro   0x00025b49       0xba ./emlib/em_core.o
 .debug_macro   0x00025c03      0x2a7 ./emlib/em_gpio.o
 .debug_macro   0x00025eaa      0x29b ./emlib/em_lcd.o
 .debug_macro   0x00026145       0x17 ./emlib/em_lcd.o
 .debug_macro   0x0002615c      0x2c7 ./emlib/em_leuart.o
 .debug_macro   0x00026423      0x295 ./emlib/em_system.o
 .debug_macro   0x000266b8      0x295 ./emlib/em_timer.o
 .debug_macro   0x0002694d       0x79 ./emlib/em_timer.o
 .debug_macro   0x000269c6      0x3bc ./emusb/em_usbd.o
 .debug_macro   0x00026d82       0x8c ./emusb/em_usbd.o
 .debug_macro   0x00026e0e      0x11c ./emusb/em_usbd.o
 .debug_macro   0x00026f2a       0x10 ./emusb/em_usbd.o
 .debug_macro   0x00026f3a      0x383 ./emusb/em_usbdch9.o
 .debug_macro   0x000272bd      0x383 ./emusb/em_usbdep.o
 .debug_macro   0x00027640      0x3e8 ./emusb/em_usbdint.o
 .debug_macro   0x00027a28      0x3bc ./emusb/em_usbhal.o
 .debug_macro   0x00027de4      0x3d0 ./emusb/em_usbtimer.o
 .debug_macro   0x000281b4       0x7f ./emusb/em_usbtimer.o
 .debug_macro   0x00028233      0x372 ./src/descriptors.o
 .debug_macro   0x000285a5      0x4f1 ./src/lcd.o
 .debug_macro   0x00028a96       0xb2 ./src/lcd.o
 .debug_macro   0x00028b48      0x54f ./src/main.o
 .debug_macro   0x00029097      0x3d8 ./src/retargetvirtual.o
 .debug_macro   0x0002946f       0x6a ./src/retargetvirtual.o
 .debug_macro   0x000294d9       0x10 ./src/retargetvirtual.o

.debug_line     0x00000000    0x101d5
 .debug_line    0x00000000      0x933 ./BSP/bsp_trace.o
 .debug_line    0x00000933       0xd3 ./CMSIS/EFM32GG/startup_efm32gg.o
 .debug_line    0x00000a06      0x896 ./CMSIS/EFM32GG/system_efm32gg.o
 .debug_line    0x0000129c      0xad8 ./Drivers/hidkbd.o
 .debug_line    0x00001d74      0xd6d ./Drivers/segmentlcd.o
 .debug_line    0x00002ae1      0x940 ./emlib/em_adc.o
 .debug_line    0x00003421     0x117c ./emlib/em_cmu.o
 .debug_line    0x0000459d      0xbb0 ./emlib/em_core.o
 .debug_line    0x0000514d      0xae9 ./emlib/em_gpio.o
 .debug_line    0x00005c36      0xab1 ./emlib/em_lcd.o
 .debug_line    0x000066e7      0x99e ./emlib/em_leuart.o
 .debug_line    0x00007085      0x868 ./emlib/em_system.o
 .debug_line    0x000078ed      0xb3f ./emlib/em_timer.o
 .debug_line    0x0000842c      0xeb6 ./emusb/em_usbd.o
 .debug_line    0x000092e2      0xc6a ./emusb/em_usbdch9.o
 .debug_line    0x00009f4c      0xab5 ./emusb/em_usbdep.o
 .debug_line    0x0000aa01      0xdcc ./emusb/em_usbdint.o
 .debug_line    0x0000b7cd      0xd07 ./emusb/em_usbhal.o
 .debug_line    0x0000c4d4      0xb93 ./emusb/em_usbtimer.o
 .debug_line    0x0000d067      0xa06 ./src/descriptors.o
 .debug_line    0x0000da6d      0xc9e ./src/lcd.o
 .debug_line    0x0000e70b     0x106e ./src/main.o
 .debug_line    0x0000f779      0xa5c ./src/retargetvirtual.o

.debug_str      0x00000000    0xe463d
 .debug_str     0x00000000    0xd4b34 ./BSP/bsp_trace.o
                              0xd519b (size before relaxing)
 .debug_str     0x000d4b34       0x97 ./CMSIS/EFM32GG/startup_efm32gg.o
                                 0xf3 (size before relaxing)
 .debug_str     0x000d4bcb      0x2cc ./CMSIS/EFM32GG/system_efm32gg.o
                              0xd2f10 (size before relaxing)
 .debug_str     0x000d4e97     0x4a3a ./Drivers/hidkbd.o
                              0xd7934 (size before relaxing)
 .debug_str     0x000d98d1     0x3db4 ./Drivers/segmentlcd.o
                              0xdb1fb (size before relaxing)
 .debug_str     0x000dd685      0xe8c ./emlib/em_adc.o
                              0xd5661 (size before relaxing)
 .debug_str     0x000de511      0xf4f ./emlib/em_cmu.o
                              0xd6d62 (size before relaxing)
 .debug_str     0x000df460      0xc58 ./emlib/em_core.o
                              0xd3b4c (size before relaxing)
 .debug_str     0x000e00b8      0x3ec ./emlib/em_gpio.o
                              0xd375a (size before relaxing)
 .debug_str     0x000e04a4      0x3a2 ./emlib/em_lcd.o
                              0xd33c0 (size before relaxing)
 .debug_str     0x000e0846      0x354 ./emlib/em_leuart.o
                              0xd466a (size before relaxing)
 .debug_str     0x000e0b9a       0xfd ./emlib/em_system.o
                              0xd2fef (size before relaxing)
 .debug_str     0x000e0c97      0xacd ./emlib/em_timer.o
                              0xd36dd (size before relaxing)
 .debug_str     0x000e1764     0x17b6 ./emusb/em_usbd.o
                              0xdaf76 (size before relaxing)
 .debug_str     0x000e2f1a      0x154 ./emusb/em_usbdch9.o
                              0xd8d66 (size before relaxing)
 .debug_str     0x000e306e       0x68 ./emusb/em_usbdep.o
                              0xd8c42 (size before relaxing)
 .debug_str     0x000e30d6      0x4d7 ./emusb/em_usbdint.o
                              0xdaca1 (size before relaxing)
 .debug_str     0x000e35ad      0x135 ./emusb/em_usbhal.o
                              0xdac3d (size before relaxing)
 .debug_str     0x000e36e2      0x23a ./emusb/em_usbtimer.o
                              0xda937 (size before relaxing)
 .debug_str     0x000e391c       0xf5 ./src/descriptors.o
                              0xd76b9 (size before relaxing)
 .debug_str     0x000e3a11      0x876 ./src/lcd.o
                              0xdd042 (size before relaxing)
 .debug_str     0x000e4287      0x103 ./src/main.o
                              0xdee3f (size before relaxing)
 .debug_str     0x000e438a      0x2b3 ./src/retargetvirtual.o
                              0xd8470 (size before relaxing)

.debug_frame    0x00000000     0x3e68
 .debug_frame   0x00000000       0x50 ./BSP/bsp_trace.o
 .debug_frame   0x00000050      0x180 ./CMSIS/EFM32GG/system_efm32gg.o
 .debug_frame   0x000001d0      0x18c ./Drivers/hidkbd.o
 .debug_frame   0x0000035c      0x318 ./Drivers/segmentlcd.o
 .debug_frame   0x00000674      0x110 ./emlib/em_adc.o
 .debug_frame   0x00000784      0x66c ./emlib/em_cmu.o
 .debug_frame   0x00000df0      0x3c4 ./emlib/em_core.o
 .debug_frame   0x000011b4      0x1cc ./emlib/em_gpio.o
 .debug_frame   0x00001380      0x2bc ./emlib/em_lcd.o
 .debug_frame   0x0000163c      0x21c ./emlib/em_leuart.o
 .debug_frame   0x00001858       0x5c ./emlib/em_system.o
 .debug_frame   0x000018b4      0x15c ./emlib/em_timer.o
 .debug_frame   0x00001a10      0x5ec ./emusb/em_usbd.o
 .debug_frame   0x00001ffc      0x2d8 ./emusb/em_usbdch9.o
 .debug_frame   0x000022d4      0x148 ./emusb/em_usbdep.o
 .debug_frame   0x0000241c      0x3f4 ./emusb/em_usbdint.o
 .debug_frame   0x00002810      0x2d0 ./emusb/em_usbhal.o
 .debug_frame   0x00002ae0      0x2cc ./emusb/em_usbtimer.o
 .debug_frame   0x00002dac      0x28c ./src/lcd.o
 .debug_frame   0x00003038      0x38c ./src/main.o
 .debug_frame   0x000033c4      0x1d4 ./src/retargetvirtual.o
 .debug_frame   0x00003598       0xac c:/siliconlabs/simplicitystudio/v4/developer/toolchains/gnu_arm/7.2_2017q4/bin/../lib/gcc/arm-none-eabi/7.2.1/thumb/v7-m\libgcc.a(_arm_addsubdf3.o)
 .debug_frame   0x00003644       0x4c c:/siliconlabs/simplicitystudio/v4/developer/toolchains/gnu_arm/7.2_2017q4/bin/../lib/gcc/arm-none-eabi/7.2.1/thumb/v7-m\libgcc.a(_arm_addsubsf3.o)
 .debug_frame   0x00003690       0x38 c:/siliconlabs/simplicitystudio/v4/developer/toolchains/gnu_arm/7.2_2017q4/bin/../lib/gcc/arm-none-eabi/7.2.1/thumb/v7-m\libgcc.a(_arm_muldivsf3.o)
 .debug_frame   0x000036c8       0xc8 c:/siliconlabs/simplicitystudio/v4/developer/toolchains/gnu_arm/7.2_2017q4/bin/../lib/gcc/arm-none-eabi/7.2.1/thumb/v7-m\libgcc.a(_arm_cmpsf2.o)
 .debug_frame   0x00003790       0x24 c:/siliconlabs/simplicitystudio/v4/developer/toolchains/gnu_arm/7.2_2017q4/bin/../lib/gcc/arm-none-eabi/7.2.1/thumb/v7-m\libgcc.a(_arm_fixsfsi.o)
 .debug_frame   0x000037b4       0x20 c:/siliconlabs/simplicitystudio/v4/developer/toolchains/gnu_arm/7.2_2017q4/bin/../lib/gcc/arm-none-eabi/7.2.1/../../../../arm-none-eabi/lib/thumb/v7-m\libc_nano.a(lib_a-abs.o)
 .debug_frame   0x000037d4       0x28 c:/siliconlabs/simplicitystudio/v4/developer/toolchains/gnu_arm/7.2_2017q4/bin/../lib/gcc/arm-none-eabi/7.2.1/../../../../arm-none-eabi/lib/thumb/v7-m\libc_nano.a(lib_a-exit.o)
 .debug_frame   0x000037fc       0x2c c:/siliconlabs/simplicitystudio/v4/developer/toolchains/gnu_arm/7.2_2017q4/bin/../lib/gcc/arm-none-eabi/7.2.1/../../../../arm-none-eabi/lib/thumb/v7-m\libc_nano.a(lib_a-init.o)
 .debug_frame   0x00003828       0x28 c:/siliconlabs/simplicitystudio/v4/developer/toolchains/gnu_arm/7.2_2017q4/bin/../lib/gcc/arm-none-eabi/7.2.1/../../../../arm-none-eabi/lib/thumb/v7-m\libc_nano.a(lib_a-memcpy-stub.o)